Archive member included to satisfy reference by file (symbol)

/Users/clfilho/SimplicityStudio/BLEMesh/btmeshVendor/protocol/bluetooth/lib/EFR32XG21/GCC/libbluetooth_mesh.a(bgapi.c.obj)
                              ./client_app.o (symbol from plugin) (gecko_cmd_msg_buf)
/Users/clfilho/SimplicityStudio/BLEMesh/btmeshVendor/protocol/bluetooth/lib/EFR32XG21/GCC/libbluetooth_mesh.a(bgapi_hardware.c.obj)
                              ./client_app.o (symbol from plugin) (sli_bt_cmd_hardware_set_soft_timer)
/Users/clfilho/SimplicityStudio/BLEMesh/btmeshVendor/protocol/bluetooth/lib/EFR32XG21/GCC/libbluetooth_mesh.a(bgapi_ps.c.obj)
                              ./client_app.o (symbol from plugin) (sli_bt_cmd_flash_ps_erase_all)
/Users/clfilho/SimplicityStudio/BLEMesh/btmeshVendor/protocol/bluetooth/lib/EFR32XG21/GCC/libbluetooth_mesh.a(bgapi_system.c.obj)
                              ./client_app.o (symbol from plugin) (sli_bt_cmd_system_get_bt_address)
/Users/clfilho/SimplicityStudio/BLEMesh/btmeshVendor/protocol/bluetooth/lib/EFR32XG21/GCC/libbluetooth_mesh.a(bgbuf.c.obj)
                              bgapi.c.obj (symbol from plugin) (bgbuf_chain_free)
/Users/clfilho/SimplicityStudio/BLEMesh/btmeshVendor/protocol/bluetooth/lib/EFR32XG21/GCC/libbluetooth_mesh.a(bglib.c.obj)
                              ./client_app.o (symbol from plugin) (gecko_wait_event)
/Users/clfilho/SimplicityStudio/BLEMesh/btmeshVendor/protocol/bluetooth/lib/EFR32XG21/GCC/libbluetooth_mesh.a(bondingdb.c.obj)
                              bglib.c.obj (symbol from plugin) (bondingdb_get_max_bonds)
/Users/clfilho/SimplicityStudio/BLEMesh/btmeshVendor/protocol/bluetooth/lib/EFR32XG21/GCC/libbluetooth_mesh.a(btl_interface.c.obj)
                              bgapi.c.obj (symbol from plugin) (bootloader_getInfo)
/Users/clfilho/SimplicityStudio/BLEMesh/btmeshVendor/protocol/bluetooth/lib/EFR32XG21/GCC/libbluetooth_mesh.a(efr32xg2x.c.obj)
                              bglib.c.obj (symbol from plugin) (bg_hal_set_ctune)
/Users/clfilho/SimplicityStudio/BLEMesh/btmeshVendor/protocol/bluetooth/lib/EFR32XG21/GCC/libbluetooth_mesh.a(gap.c.obj)
                              bglib.c.obj (symbol from plugin) (gap_reset_state)
/Users/clfilho/SimplicityStudio/BLEMesh/btmeshVendor/protocol/bluetooth/lib/EFR32XG21/GCC/libbluetooth_mesh.a(gap_adv.c.obj)
                              gap.c.obj (symbol from plugin) (gap_adv_update)
/Users/clfilho/SimplicityStudio/BLEMesh/btmeshVendor/protocol/bluetooth/lib/EFR32XG21/GCC/libbluetooth_mesh.a(gap_periodic_adv-stubs.c.obj)
                              bglib.c.obj (symbol from plugin) (ubt_gap_alloc_periodic_adv)
/Users/clfilho/SimplicityStudio/BLEMesh/btmeshVendor/protocol/bluetooth/lib/EFR32XG21/GCC/libbluetooth_mesh.a(gap_periodic_scan-stubs.c.obj)
                              bglib.c.obj (symbol from plugin) (ubt_gap_alloc_periodic_scan)
/Users/clfilho/SimplicityStudio/BLEMesh/btmeshVendor/protocol/bluetooth/lib/EFR32XG21/GCC/libbluetooth_mesh.a(gap_resolver.c.obj)
                              gap.c.obj (symbol from plugin) (gap_address_resolver_step)
/Users/clfilho/SimplicityStudio/BLEMesh/btmeshVendor/protocol/bluetooth/lib/EFR32XG21/GCC/libbluetooth_mesh.a(gap_scan.c.obj)
                              gap.c.obj (symbol from plugin) (gap_status_set_scan_packet)
/Users/clfilho/SimplicityStudio/BLEMesh/btmeshVendor/protocol/bluetooth/lib/EFR32XG21/GCC/libbluetooth_mesh.a(gap_whitelist-stubs.c.obj)
                              bondingdb.c.obj (symbol from plugin) (gap_whitelist_clear_list)
/Users/clfilho/SimplicityStudio/BLEMesh/btmeshVendor/protocol/bluetooth/lib/EFR32XG21/GCC/libbluetooth_mesh.a(gatt.c.obj)
                              gap.c.obj (symbol from plugin) (gatt_init_connection)
/Users/clfilho/SimplicityStudio/BLEMesh/btmeshVendor/protocol/bluetooth/lib/EFR32XG21/GCC/libbluetooth_mesh.a(gatt_db_minimal.c.obj)
                              gap_adv.c.obj (symbol from plugin) (gatt_db_handle_active)
/Users/clfilho/SimplicityStudio/BLEMesh/btmeshVendor/protocol/bluetooth/lib/EFR32XG21/GCC/libbluetooth_mesh.a(gatt_server.c.obj)
                              gatt_db_minimal.c.obj (symbol from plugin) (gatt_server_send_attribute_value_event)
/Users/clfilho/SimplicityStudio/BLEMesh/btmeshVendor/protocol/bluetooth/lib/EFR32XG21/GCC/libbluetooth_mesh.a(gecko_bgapi_dfu.c.obj)
                              ./main.o (symbol from plugin) (gecko_bgapi_class_dfu_init)
/Users/clfilho/SimplicityStudio/BLEMesh/btmeshVendor/protocol/bluetooth/lib/EFR32XG21/GCC/libbluetooth_mesh.a(gecko_bgapi_flash.c.obj)
                              ./main.o (symbol from plugin) (gecko_bgapi_class_flash_init)
/Users/clfilho/SimplicityStudio/BLEMesh/btmeshVendor/protocol/bluetooth/lib/EFR32XG21/GCC/libbluetooth_mesh.a(gecko_bgapi_gap.c.obj)
                              ./main.o (symbol from plugin) (gecko_bgapi_class_le_gap_init)
[...]
Memory Configuration

Name             Origin             Length             Attributes
FLASH_BOOTLOADER 0x0000000000000000 0x0000000000004000 xr
FLASH            0x0000000000004000 0x00000000000fa000 xr
RAM              0x0000000020000000 0x0000000000018000 xrw
*default*        0x0000000000000000 0xffffffffffffffff

Linker script and memory map

LOAD /Users/clfilho/projects/Simplicity Studio.app/Contents/Eclipse/developer/toolchains/gnu_arm/7.2_2017q4/bin/../lib/gcc/arm-none-eabi/7.2.1/thumb/v8-m.main/fpv5-sp/hard/crti.o
LOAD /Users/clfilho/projects/Simplicity Studio.app/Contents/Eclipse/developer/toolchains/gnu_arm/7.2_2017q4/bin/../lib/gcc/arm-none-eabi/7.2.1/thumb/v8-m.main/fpv5-sp/hard/crtbegin.o
LOAD /Users/clfilho/projects/Simplicity Studio.app/Contents/Eclipse/developer/toolchains/gnu_arm/7.2_2017q4/bin/../lib/gcc/arm-none-eabi/7.2.1/../../../../arm-none-eabi/lib/thumb/v8-m.main/fpv5-sp/hard/crt0.o
START GROUP
LOAD /var/folders/p4/rgstsg657gv418yvwz4l2_w4001lhq/T//ccj091aR.ltrans0.ltrans.o
LOAD /var/folders/p4/rgstsg657gv418yvwz4l2_w4001lhq/T//ccj091aR.ltrans1.ltrans.o
LOAD /var/folders/p4/rgstsg657gv418yvwz4l2_w4001lhq/T//ccj091aR.ltrans2.ltrans.o
LOAD /var/folders/p4/rgstsg657gv418yvwz4l2_w4001lhq/T//ccj091aR.ltrans3.ltrans.o
LOAD /var/folders/p4/rgstsg657gv418yvwz4l2_w4001lhq/T//ccj091aR.ltrans4.ltrans.o
LOAD /var/folders/p4/rgstsg657gv418yvwz4l2_w4001lhq/T//ccj091aR.ltrans5.ltrans.o
LOAD /var/folders/p4/rgstsg657gv418yvwz4l2_w4001lhq/T//ccj091aR.ltrans6.ltrans.o
LOAD /Users/clfilho/SimplicityStudio/BLEMesh/btmeshVendor/platform/emdrv/nvm3/lib/libnvm3_CM33_gcc.a
LOAD /Users/clfilho/SimplicityStudio/BLEMesh/btmeshVendor/protocol/bluetooth/lib/EFR32XG21/GCC/libbluetooth_mesh.a
LOAD /Users/clfilho/SimplicityStudio/BLEMesh/btmeshVendor/protocol/bluetooth/lib/EFR32XG21/GCC/libcoex.a
LOAD /Users/clfilho/SimplicityStudio/BLEMesh/btmeshVendor/protocol/bluetooth/lib/EFR32XG21/GCC/binapploader.o
LOAD /Users/clfilho/projects/Simplicity Studio.app/Contents/Eclipse/developer/toolchains/gnu_arm/7.2_2017q4/bin/../lib/gcc/arm-none-eabi/7.2.1/../../../../arm-none-eabi/lib/thumb/v8-m.main/fpv5-sp/hard/libm.a
END GROUP
START GROUP
LOAD /Users/clfilho/projects/Simplicity Studio.app/Contents/Eclipse/developer/toolchains/gnu_arm/7.2_2017q4/bin/../lib/gcc/arm-none-eabi/7.2.1/thumb/v8-m.main/fpv5-sp/hard/libgcc.a
LOAD /Users/clfilho/projects/Simplicity Studio.app/Contents/Eclipse/developer/toolchains/gnu_arm/7.2_2017q4/bin/../lib/gcc/arm-none-eabi/7.2.1/../../../../arm-none-eabi/lib/thumb/v8-m.main/fpv5-sp/hard/libc_nano.a
LOAD /Users/clfilho/projects/Simplicity Studio.app/Contents/Eclipse/developer/toolchains/gnu_arm/7.2_2017q4/bin/../lib/gcc/arm-none-eabi/7.2.1/../../../../arm-none-eabi/lib/thumb/v8-m.main/fpv5-sp/hard/libnosys.a
END GROUP
START GROUP
LOAD /Users/clfilho/projects/Simplicity Studio.app/Contents/Eclipse/developer/toolchains/gnu_arm/7.2_2017q4/bin/../lib/gcc/arm-none-eabi/7.2.1/thumb/v8-m.main/fpv5-sp/hard/libgcc.a
LOAD /Users/clfilho/projects/Simplicity Studio.app/Contents/Eclipse/developer/toolchains/gnu_arm/7.2_2017q4/bin/../lib/gcc/arm-none-eabi/7.2.1/../../../../arm-none-eabi/lib/thumb/v8-m.main/fpv5-sp/hard/libg_nano.a
LOAD /Users/clfilho/projects/Simplicity Studio.app/Contents/Eclipse/developer/toolchains/gnu_arm/7.2_2017q4/bin/../lib/gcc/arm-none-eabi/7.2.1/../../../../arm-none-eabi/lib/thumb/v8-m.main/fpv5-sp/hard/libc_nano.a
END GROUP
START GROUP
LOAD /Users/clfilho/projects/Simplicity Studio.app/Contents/Eclipse/developer/toolchains/gnu_arm/7.2_2017q4/bin/../lib/gcc/arm-none-eabi/7.2.1/thumb/v8-m.main/fpv5-sp/hard/libgcc.a
LOAD /Users/clfilho/projects/Simplicity Studio.app/Contents/Eclipse/developer/toolchains/gnu_arm/7.2_2017q4/bin/../lib/gcc/arm-none-eabi/7.2.1/../../../../arm-none-eabi/lib/thumb/v8-m.main/fpv5-sp/hard/libc_nano.a
END GROUP
LOAD /Users/clfilho/projects/Simplicity Studio.app/Contents/Eclipse/developer/toolchains/gnu_arm/7.2_2017q4/bin/../lib/gcc/arm-none-eabi/7.2.1/thumb/v8-m.main/fpv5-sp/hard/crtend.o
LOAD /Users/clfilho/projects/Simplicity Studio.app/Contents/Eclipse/developer/toolchains/gnu_arm/7.2_2017q4/bin/../lib/gcc/arm-none-eabi/7.2.1/thumb/v8-m.main/fpv5-sp/hard/crtn.o

.text_bootloader
                0x0000000000000000        0x0
 *(.binbootloader*)
                0x0000000000000000                . = ALIGN (0x4000)

.text_apploader
                0x0000000000004000     0xafc0
 *(.binapploader*)
 .binapploader  0x0000000000004000     0xafc0 /Users/clfilho/SimplicityStudio/BLEMesh/btmeshVendor/protocol/bluetooth/lib/EFR32XG21/GCC/binapploader.o

.text_signature
                0x000000000000efc0     0x1040
                0x0000000000010000                . = ALIGN (0x2000)
 *fill*         0x000000000000efc0     0x1040 
                0x0000000000010000                __text_start__ = .

.text_application
                0x0000000000010000    0x33290
 *(.vectors)
 .vectors       0x0000000000010000      0x134 /var/folders/p4/rgstsg657gv418yvwz4l2_w4001lhq/T//ccj091aR.ltrans0.ltrans.o
                0x0000000000010000                __Vectors
                0x0000000000010134                __Vectors_End = .
                0x0000000000000134                __Vectors_Size = (__Vectors_End - __Vectors)
                0x0000000000010134                __end__ = .
 *(.application_properties)
 .application_properties
                0x0000000000010134       0x40 /var/folders/p4/rgstsg657gv418yvwz4l2_w4001lhq/T//ccj091aR.ltrans0.ltrans.o
                0x0000000000010134                bg_application_properties
 *(.gecko_configuration)
 *(.xo_configuration)
 *(.gatt_header)
 .gatt_header   0x0000000000010174       0x34 /var/folders/p4/rgstsg657gv418yvwz4l2_w4001lhq/T//ccj091aR.ltrans5.ltrans.o
                0x0000000000010174                bg_gattdb_data
 *(.gatt_data)
 .gatt_data     0x00000000000101a8      0x2b6 /var/folders/p4/rgstsg657gv418yvwz4l2_w4001lhq/T//ccj091aR.ltrans5.ltrans.o
                0x00000000000101a8                bg_gattdb_data_attributes_map
                0x000000000001031c                bg_gattdb_data_attribute_field_30
                0x0000000000010324                bg_gattdb_data_attribute_field_29
                0x000000000001033a                bg_gattdb_data_attribute_field_28
                0x000000000001034c                bg_gattdb_data_attribute_field_26
                0x0000000000010354                bg_gattdb_data_attribute_field_25
                0x000000000001035c                bg_gattdb_data_attribute_field_24
                0x0000000000010364                bg_gattdb_data_attribute_field_23
                0x000000000001036c                bg_gattdb_data_attribute_field_22
                0x0000000000010370                bg_gattdb_data_attribute_field_20
                0x0000000000010378                bg_gattdb_data_attribute_field_19
                0x0000000000010380                bg_gattdb_data_attribute_field_18
                0x0000000000010388                bg_gattdb_data_attribute_field_17
                0x0000000000010390                bg_gattdb_data_attribute_field_16
                0x0000000000010394                bg_gattdb_data_attribute_field_15
                0x00000000000103a2                bg_gattdb_data_attribute_field_14
                0x00000000000103aa                bg_gattdb_data_attribute_field_13
                0x00000000000103ae                bg_gattdb_data_attribute_field_12
                0x00000000000103b2                bg_gattdb_data_attribute_field_11
                0x00000000000103bc                bg_gattdb_data_attribute_field_10
                0x00000000000103c4                bg_gattdb_data_attribute_field_9
                0x00000000000103cc                bg_gattdb_data_attribute_field_8
                0x00000000000103d0                bg_gattdb_data_attribute_field_7
                0x00000000000103d8                bg_gattdb_data_attribute_field_6
                0x00000000000103e0                bg_gattdb_data_attribute_field_5
                0x00000000000103e8                bg_gattdb_data_attribute_field_4
                0x00000000000103f0                bg_gattdb_data_attribute_field_2
                0x00000000000103f8                bg_gattdb_data_attribute_field_1
                0x0000000000010400                bg_gattdb_data_attribute_field_0
                0x0000000000010404                bg_gattdb_data_adv_uuid128_map
                0x0000000000010405                bg_gattdb_data_adv_uuid16_map
                0x0000000000010406                bg_gattdb_data_attributes_dynamic_mapping_map
                0x0000000000010418                bg_gattdb_data_uuidtable_128_map
                0x0000000000010438                bg_gattdb_data_uuidtable_16_map
 *(.text*)
 *fill*         0x000000000001045e        0x2 
 .text          0x0000000000010460       0x40 /Users/clfilho/projects/Simplicity Studio.app/Contents/Eclipse/developer/toolchains/gnu_arm/7.2_2017q4/bin/../lib/gcc/arm-none-eabi/7.2.1/thumb/v8-m.main/fpv5-sp/hard/crtbegin.o
 .text          0x00000000000104a0       0x74 /Users/clfilho/projects/Simplicity Studio.app/Contents/Eclipse/developer/toolchains/gnu_arm/7.2_2017q4/bin/../lib/gcc/arm-none-eabi/7.2.1/../../../../arm-none-eabi/lib/thumb/v8-m.main/fpv5-sp/hard/crt0.o
                0x00000000000104a0                _start
                0x00000000000104a0                _mainCRTStartup
 *fill*         0x0000000000010514        0x4 
 .text          0x0000000000010518     0x689c /var/folders/p4/rgstsg657gv418yvwz4l2_w4001lhq/T//ccj091aR.ltrans0.ltrans.o
                0x0000000000010518                ll_radioTimerExpired.lto_priv.552
                0x000000000001053c                ll_llcpCallbackLocalTerminate.lto_priv.560
                0x0000000000010838                gecko_init_alloc
                0x0000000000010dac                Reset_Handler
                0x0000000000010dec                ll_radioGetPacketTimeWithPhy
                0x0000000000010e10                ll_radioRandom
                0x0000000000010e34                ll_radioInit
                0x0000000000010f70                toPhysChannel.lto_priv.580
                0x0000000000010f9a                ll_radioReadRxPacketDetails
                0x0000000000010ff4                getSupportedPhys.lto_priv.574
                0x000000000001100c                CORE_EnterCritical
                0x0000000000011014                ll_llcpSend
                0x000000000001102e                ll_llcpSendReject
                0x0000000000011072                ll_hciSendHCIEvent
                0x000000000001108c                ll_hciSetCommandStatusHeader
                0x00000000000110ae                ll_hciSetMetaEventHeader
                0x00000000000110c8                ll_hciSetCommandCompleteHeader
                0x00000000000113f8                ll_hciSendGenericCommandComplete
                0x0000000000011406                hci_state_listener
                0x0000000000011438                gatt_db_find_attribute_by_type
                0x0000000000011470                gatt_db_get_16bit_char_handle
                0x0000000000011496                gatt_db_get_data
                0x00000000000116ac                gatt_db_get_char_properties
                0x00000000000116f0                send_notification.lto_priv.399
                0x0000000000011844                gatt_get_next_connection
                0x000000000001186c                gatt_get_connection
                0x0000000000011878                gatt_start_procedure
                0x00000000000118a4                send_gatt_mtu_exchanged_event
                0x00000000000118d0                validate_scanning_phymask.lto_priv.400
                0x0000000000011900                gap_set_advertising_timeout.part.6
                0x000000000001196c                ubt_gap_get_identity_address
                0x0000000000011988                check_private_address_and_timer
                0x0000000000011a4c                bondingdb_find_by_data.part.2
                0x0000000000011aa4                ubt_sm_get_bond_data
                0x0000000000011ad4                bondingdb_is_bonded
                0x0000000000011af4                ubt_sm_set_bond_data
                0x0000000000011c1c                handle_database_changed.part.4.lto_priv.340
                0x0000000000011c98                ubt_sm_delete_bonding
                0x0000000000011d78                ubt_sm_alloc_bond
                0x0000000000011e60                gecko_stack_update_callback
                0x0000000000011ec0                bgbuf_chain_add
                0x0000000000011ed4                bgbuf_chain_len
                0x0000000000012170                gap_stop_advertising
                0x000000000001219c                bgbuf_prepend_no_alloc
                0x00000000000121de                bgbuf_chain_pop_packet
                0x0000000000012204                bgbuf_append_data
                0x0000000000012228                SYSTEM_ChipRevisionGet
                0x0000000000012284                SE_executeCommand
                0x00000000000122c0                SE_addParameter
                0x00000000000122d2                SE_addDataOutput
                0x00000000000122e6                SE_addDataInput
                0x00000000000122fa                GPIO_PinModeSet
                0x000000000001237c                CORE_EnterAtomic
                0x0000000000012384                CORE_ExitCritical
                0x00000000000124f8                ll_hciSendNumberOfCompletedPackets
                0x00000000000125e0                bgbuf_free
                0x0000000000012658                bgbuf_chain_free
                0x000000000001266c                ll_startOrQueueProcedure
                0x0000000000012904                ll_llcpFeatureExchange
                0x000000000001293c                bgbuf_chain_defragment
                0x00000000000129c6                bgbuf_chain_drop_end
                0x0000000000012a08                bgbuf_chain_drop
                0x0000000000012a36                bgbuf_alloc_int.lto_priv.339
                0x0000000000012ae4                bgbuf_alloc
                0x0000000000012af0                ll_hciSendAdvSetTerminated.part.4
                0x0000000000012b2c                ll_hciSendEncryptionChange
                0x0000000000012b64                ll_hciSendLeConnectionComplete
                0x0000000000012bcc                bgbuf_split
                0x0000000000012c1c                bgbuf_prepend
                0x0000000000012c40                hci_send_acl
                0x0000000000012d34                l2cap_send_fixed_channel
                0x0000000000012de0                ll_radioReadRxPacket
                0x0000000000012f34                l2cap_message_handler
                0x0000000000012f9a                hci_le_ltk_reply
                0x0000000000012fea                hci_le_start_encryption
                0x0000000000013108                gap_scan_update
                0x0000000000013210                bgbuf_chain_append_data
                0x00000000000133c6                gap_start_advertising.part.22
                0x00000000000139f8                gap_listener
                0x0000000000013bc0                bgbuf_clone
                0x0000000000013c32                bgbuf_alloc_copy_data
                0x0000000000013c5c                ubt_gap_set_adv_data
                0x0000000000013d2c                CORE_ExitAtomic
                0x0000000000013d30                nvm3_lockEnd
                0x0000000000013d40                nvm3_lockBegin
                0x0000000000013d54                SystemLFXOClockGet
                0x0000000000013d60                SystemLFRCOClockGet
                0x0000000000013d66                SystemHFXOClockGet
                0x0000000000013d70                SystemSYSCLKGet
                0x0000000000013ef8                _write
                0x0000000000013f38                _sbrk
                0x0000000000013f5c                _read
                0x0000000000013fec                _lseek
                0x0000000000013ff0                _isatty
                0x0000000000013ff4                _fstat
                0x0000000000013ffe                _exit
                0x0000000000014000                _close
                0x0000000000014004                handle_bgapi_output.lto_priv.398
                0x0000000000014080                sli_bt_cmd_handler_delegate
                0x00000000000142a8                bgapi_ubt_listener
                0x0000000000015e08                ll_radioRaiseLLEvents.lto_priv.581
                0x0000000000015e24                ll_llcpSendLengthReq
                0x0000000000015e96                ll_llcpHandleFeatureReq.lto_priv.572
                0x0000000000015eea                enableRx2Tx.lto_priv.583
                0x0000000000015f44                enableTx2Rx.lto_priv.582
                0x0000000000015f84                ll_radioStop
                0x0000000000015fb4                ll_radioConfigureChannel
                0x0000000000016158                ll_connSetLlcpCallback
                0x00000000000161bc                ll_connClearLlcpCallback
                0x0000000000016294                ll_connAbortLlcp
                0x00000000000162be                ll_llcpCallbackPhyUpdate
                0x0000000000016300                ll_llcpLtkReply.part.3
                0x00000000000163b8                ll_llcpCallbackEncryption.lto_priv.554
                0x00000000000165ac                ll_llcpCallbackChannelMapUpdate.lto_priv.555
                0x00000000000165fa                ll_llcpLinkLost
                0x0000000000016634                ll_llcpUpdatePhyAtInstant.lto_priv.573
                0x000000000001667c                ll_llcpMasterUpdatePhy.lto_priv.575
                0x0000000000016764                ll_llcpStartEncryption_sender.lto_priv.557
                0x00000000000168c8                ll_llcpReadVersionInformation_sender.lto_priv.559
                0x0000000000016968                ll_llcpUpdateChannelMap_sender.lto_priv.304
                0x00000000000169cc                ll_llcpConnectionUpdate_sender.lto_priv.558
                0x0000000000016a84                ll_llcpCallbackConnectionUpdatePreListen.lto_priv.556
                0x0000000000016ac4                ll_llcpHandlePacketCommon
 .text.unlikely
                0x0000000000016db4      0x2f0 /var/folders/p4/rgstsg657gv418yvwz4l2_w4001lhq/T//ccj091aR.ltrans0.ltrans.o
 .text.startup  0x00000000000170a4     0x1bc0 /var/folders/p4/rgstsg657gv418yvwz4l2_w4001lhq/T//ccj091aR.ltrans0.ltrans.o
                0x00000000000170a4                main
 .text          0x0000000000018c64     0x671c /var/folders/p4/rgstsg657gv418yvwz4l2_w4001lhq/T//ccj091aR.ltrans1.ltrans.o
                0x0000000000018c64                BG_PRORTC_IRQHandler
                0x0000000000018c90                timer_get_counter
                0x0000000000018c98                smp_listener
                0x0000000000018cb8                smp_state_handle.lto_priv.625
                0x0000000000018ce8                smp_l2cap_handle_impl.lto_priv.623
                0x0000000000018dcc                ll_task_default_callback.lto_priv.631
                0x0000000000018f40                s1a300da342f1146a8e41e67f202ad3bf9b049c17078c33d93121e2be8100042d.lto_priv.617
                0x0000000000018f50                ubt_event_free
                0x0000000000018fb8                smp_get_random_data.lto_priv.293
                0x00000000000195bc                smp_message_listener.lto_priv.622
                0x00000000000195f4                uuid_to_handle
                0x0000000000019658                timer_get_time
                0x0000000000019680                smp_alloc_bgbuf.lto_priv.637
                0x000000000001973c                smp_ah
                0x0000000000019784                sm_pairing_failed
                0x000000000001a274                smp_ltk_request_handle_impl.lto_priv.626
                0x000000000001a318                se_management_acquire
                0x000000000001a330                mbedtls_cipher_cmac_update
                0x000000000001a3f8                usch_SendEvent
                0x000000000001a408                usch_Schedule
                0x000000000001a54c                usch_RemoveTask
                0x000000000001a5e8                add_task.lto_priv.364
                0x000000000001a7a4                nvm3_deleteObjects
                0x000000000001a7e4                ecode2bg
                0x000000000001a824                ubt_pskey_read_callback
                0x000000000001a83c                ubt_pskey_write_callback
                0x000000000001a854                ll_randomInit
                0x000000000001a874                ll_randomAesCtrEncrypt.lto_priv.341
                0x000000000001a930                ll_radioSetMaxTxPower
                0x000000000001a970                ll_radioSetRfPathCompensation
                0x000000000001a994                ll_radioGetMaxTxPower
                0x000000000001a9ac                commandError.isra.3.lto_priv.633
                0x000000000001aa1c                ll_radioTxAfterRx
                0x000000000001aa38                ll_radioTxSchedule
                0x000000000001aa88                ll_radioTxStart
                0x000000000001aabc                ll_radioLoadPacket
                0x000000000001ac3c                ll_radioRxAfterTx
                0x000000000001ac5c                ll_radioRxSchedule
                0x000000000001acd8                sl_free
                0x000000000001acee                sl_calloc
                0x000000000001ad06                BTLE_LLToHCIEventSAP
                0x000000000001ad3c                ll_to_hci_event_handler.lto_priv.632
                0x000000000001cfb6                mbedtls_cipher_cmac_finish
                0x000000000001d0c4                BTLE_LL_EventRaise
                0x000000000001d936                ll_scanTaskPrimaryHandler
                0x000000000001dc44                gecko_priority_handle
 .text          0x000000000001f380     0x55c4 /var/folders/p4/rgstsg657gv418yvwz4l2_w4001lhq/T//ccj091aR.ltrans2.ltrans.o
                0x000000000001f3a8                s3b0cf79d1c3e1b0be6d38ee74e7eda1214be6c8a4d43148cdf80fed0d975cbda
                0x000000000001f3ac                s394aeb232f179847b7cf6de9835a5be904e376159c3687850078492234b87af4
                0x000000000001f3d8                s916be6f52ff2a919197deecdd9dc003142cdce06337a091ceba6484ddd8106b4.lto_priv.299
                0x000000000001f3da                s01b8faa7ce6707005fd57725409d26493af21ad7b0d7f7fdd06ab6d2142fa35a.lto_priv.618
                0x000000000001f4b4                sdf72dddfaf2d7ab6c0d7ed017ef8b2fdf0b3a3014f1897d544c34df75226a6da
                0x000000000001f6ec                s2dfaec61fda5b9045b01fdc6983d889a0122f946f8a9da8a911a5b7a9dc12e71
                0x000000000001f794                sli_bt_cmd_mesh_node_set_provisioning_data
                0x000000000001f86c                sli_bt_cmd_mesh_test_add_local_key
                0x000000000001f952                sc1b14a40f272b022d92b9a8338fa74636ec85b9061ff5502b3bcc01ac74f5190
                0x000000000001ffc4                sli_bt_cmd_mesh_test_get_local_model_pub
                0x0000000000020050                sli_bt_cmd_mesh_test_set_local_model_pub
                0x00000000000200ec                sli_bt_cmd_mesh_test_add_local_model_sub
                0x0000000000020134                sli_bt_cmd_mesh_test_bind_local_model_app
                0x00000000000201d6                sli_bt_cmd_mesh_vendor_model_init
                0x0000000000020304                sli_bt_cmd_mesh_vendor_model_set_publication
                0x00000000000203f4                s6d908810a9588a7439cea86c68e31de7b196d671295dd1319be2887de96cb530.lto_priv.507
                0x0000000000020480                s47a7db1b22eaa2582b7a7a676df9e22438b540cf81f4036679b331ebde5f1909
                0x00000000000205b8                s8c82b1d6019d142f59d3ecd8b64255fec52efdc4534bf482732dfa118813ad2a
                0x00000000000205d4                sea89bdd8ccdc8102a515fa7e5bc5d6d3aaa8f3d8356713ca35476ff113721194
                0x00000000000205f8                s53cbd9b78798e4d171623efc8a8645f3cecb70d456646c39b574049487613604
                0x0000000000020658                scec445a77c16ee00629db56cf49b00cf9dd0396f4998f6c1ba7dd969cf099eb2.isra.2.lto_priv.404
                0x0000000000020694                s1bec8eccb2015ce47bc061692b88dae1f8376576750ab5bb6582757cb3e88cab
                0x00000000000206b4                s84246621a002e19432f21f922e6c59a62e925ed6a82dceec0d41807b333a2205.lto_priv.465
                0x00000000000207fc                s8c6af12ebdc312ab1fe619056cc55014b85f05ba84e2d6b4f3126957c29c0b99.lto_priv.444
                0x00000000000208d4                sli_bt_cmd_mesh_test_set_relay
                0x0000000000020938                sli_bt_cmd_mesh_vendor_model_publish
                0x00000000000209e8                sbcf8fce1aa1720e585b7bb53ce9c453932bec04905843e59f575db90f7f22784
                0x0000000000020a38                s3fb4fd763f4849544fb6525056d930e5513d12ed9caa87604b37d916e874879a
                0x0000000000020a84                s5b094f1c705704d21472bd6e499c3e8040c41e42c21c789a7eefa763e55275bb.part.5
                0x0000000000020adc                sd89f6abeb48c5c84ba5f1b894759ef89d1e10a61d1df2183eb8322047be24873
                0x0000000000020f88                s28e34714875627d79c9ec7620bbb7b71b20b7b228d4855685d905486a42a8da8
                0x000000000002312c                sli_bt_cmd_mesh_vendor_model_send
                0x00000000000232d4                sli_bt_cmd_mesh_node_init
 .text.unlikely
                0x0000000000024944      0x144 /var/folders/p4/rgstsg657gv418yvwz4l2_w4001lhq/T//ccj091aR.ltrans2.ltrans.o
                0x0000000000024a38                s52aa1b2164cb4155f614db4704e1eae596369022a0dda50edfa47157c8a97b19
 .text          0x0000000000024a88     0x50c8 /var/folders/p4/rgstsg657gv418yvwz4l2_w4001lhq/T//ccj091aR.ltrans3.ltrans.o
                0x0000000000024a88                s90bcfb369d9f156ece163d650375a951a80ef0d77e64fffcdb71cc88fa96109f
                0x0000000000024bc8                sfb49eb9045c3e17adc7c7f227e50367217b12ea384b7339281c451eb428fc386.lto_priv.526
                0x0000000000024c24                s56e57c9ca59aafccbd8afe64c5621422dbf690dcccc3808d046a5b89b945f418.lto_priv.513
                0x0000000000024c4e                s5ee0e14d3bcbe21c57709c00736ba36d468fc8ad37fc3aa08656a03089dfec0b
                0x0000000000024c94                s03d2e92f18ff2981460b2f14a208a66ad8ef810cff8fb3a533be0e2eee5ecd64.lto_priv.467
                0x0000000000024e30                sf3dd25133d697c4edeeee384839cb4e7af918c008e7e6c262abf317476c8b39f
                0x0000000000024fd4                s78d194511d2eeca77d2e41f76d87aa5fe14a2719dea3ec7d433e530641a91b69
                0x000000000002505a                sffae06b30f6686a9ef5fa993e610e67ba15b86d70276665077a7ad129a8f9639
                0x00000000000250d4                s2e562efaf974dfca524d0d1c7d22a072d10844f491f9e014464fcce098645b48.lto_priv.514
                0x0000000000025120                s8031260c0afbab4c735bc9596a98849ce98a34b58f995a8a856d9f02dbfaa10b.lto_priv.292
                0x000000000002514c                sd36cb7f116f993dc68983c24b92800ecfac281f9add9d26bff7e51ace8e29e15
                0x0000000000025164                s3df42bc2d8c84c6418eccb9ecdfb1df522930fd9e3418503d2d261561349f982
                0x0000000000025190                s1a1bbc0d8f65ae25c9506e225e2e26348219373bcc4a6e5e450c32db6c7bf5a8.lto_priv.407
                0x00000000000251b0                s869c243b315c4c84ff0ebafe57eaac4f0e828b81841d5043f70ca9b40736a16d.lto_priv.406
                0x00000000000251cc                s700709feeb3bf4d52da6572555ef94837e05117ce0367c926734a884298bf623.lto_priv.405
                0x00000000000251dc                s0fcc1a3ad61ff764ab64aa18de0195c2ba32da42372c602810e26b9e6ab95ef5.lto_priv.474
                0x000000000002522c                sc0bbcb202a09618e2939a4b50cb9fdce262996eb5a7163e162f90d1949e40f20.lto_priv.359
                0x00000000000252a4                sb657fd08a9d5cbdf48795a7b954b8c9788868febc7738dcb563812793be17b92.lto_priv.290
                0x000000000002530c                sd8e5421d2ab996cf30121f6690f6616bde934346561776abd647d95d43f42c06.lto_priv.358
                0x00000000000253cc                sebc85603d0f846b4c90d0c7c4bcc1531106c728cccf8cc73d2596fb3fa880e3c
                0x0000000000025414                s84cf87c2d11f2a740978eed3bb2d3982a1815dbd975489c2a9e1c724c80c674b.lto_priv.414.lto_priv.485
                0x000000000002541e                s4403ae0c6245b1ca568f7acf2772c49c52b2605d08aedb00588b009ccea43300.lto_priv.504
                0x0000000000025468                sa25104272bb54e353045b2e30e9272857914c6740a061540ffe473ed4d328271.lto_priv.418.lto_priv.503
                0x0000000000025468                sa25104272bb54e353045b2e30e9272857914c6740a061540ffe473ed4d328271.lto_priv.343.lto_priv.365
                0x0000000000025468                sa25104272bb54e353045b2e30e9272857914c6740a061540ffe473ed4d328271.lto_priv.344.lto_priv.345
                0x0000000000025474                se7f7b2a2640f12dddce60c0b6d1430885728edb3d1c13aee0b31b145d53a200b.part.2.lto_priv.498
                0x00000000000254a4                s7adee7fe154fcadab9cc4a1f83e7790a06cd66e7a2205d4a0fb69a0a83bf856e.lto_priv.477
                0x00000000000254b8                s69a59229a6d9315535db71509c5d70210ba9ff1274b56688d7622ff6d08e6a04.lto_priv.481
                0x00000000000254d0                sc1319f4a1637de77384aa124dc94560ea06ecf6e7ae544405da8d52a6bf21991.lto_priv.476
                0x0000000000025510                s892d7b0b0301520cc67ae2ade575e119ccccf416d2c42aa51e91fc87174b1426.lto_priv.497
                0x000000000002553c                s6d9d97365947986a4eb3a36c57a068efa2132ce88f4e1fa678edc2536fe465dc.lto_priv.475
                0x00000000000255f0                s044afac632850ec31d35858b7a7eab4f6dc11af3e9270f53aa8fc9b28e766613
                0x0000000000025620                s168b8f026d4c85bc2bafb44e413cd9708d333ac361b882f7ed5baba5c8f1007e.lto_priv.479
                0x0000000000025640                s22e34347c6ce59f37475015b1e8b0089b7f2ba329e29248b028a844dac818b0b.lto_priv.420.lto_priv.483
                0x0000000000025640                s22e34347c6ce59f37475015b1e8b0089b7f2ba329e29248b028a844dac818b0b.lto_priv.346
                0x000000000002564e                se6bc8067a3b0730f940d83780033b7a33cee1bf7acc015420ad8bbcfc51d3233.lto_priv.480
                0x00000000000256d0                s6d6e85e47838bd826aa7fa3e3b70519d722baafd63cf529a381bdeda1daf020b
                0x00000000000257b0                s1523f67237756825b4a350a4fca08bd57dd5b5e51fd6ba39f8b635e39b907675
                0x00000000000257e4                sea89a47daf922788c9733a0f1a2b030db666036d6d3f33f4c8d32d794b62d1b1
                0x000000000002583c                sd85d19784cef178934ca6b420a517632e26475659fe64b030eca80cbaf40b473
                0x0000000000025862                s402a356082b69242cff053519f096052164448e8630eace32c50468b70b834ff
                0x0000000000025884                s8d3ddbd52556ab09b35958ab2a66e2c1df40f92b53afcba083a83b56c3cbfd2c.part.0
                0x000000000002598c                s0800f1981b3d8c2d4aa014bbdbbec311411605ac2a017e2ca5ed321869ce00e9
                0x00000000000259d4                sfc86a0a6f64d0b205e1372a262279dd064a8f10ae572867732709a4cac05f7ca
                0x0000000000025a1c                s3c94ae80f3e4752e4df98fba1c64618053b61fa8bfbeb3eb94834e80e8227e62
                0x0000000000025a60                s9073a9615b02261bd4af27ca11cf9a280638d1bef7f2697b68ea73dc9ebff11c.lto_priv.410
                0x0000000000025a94                sbfc8faf96d59d78316eac0416fab70ab258b07d43a3bb6f06bf9b5ca5b167bc3.lto_priv.525
                0x0000000000025ae0                s005405bcf70be56b53eda4711566dac0791290e14387798aa03492223a8f4e0d
                0x0000000000025b0c                s21be6c1e2e6283c6167859738731d8fa54d0e09efde3f60ca79fe90dd61af4fa
                0x0000000000025b3c                s76405d6b92c2f88fdf5ae8bb205a2d156ea89189f90b584e1fe26f91b231271b.lto_priv.354
                0x0000000000025b90                s4a946ad5a7ead6bd235e709bcd551ead399e4d459a730ee0acfda3f65e66472f
                0x0000000000025bdc                s92517cfc61e7c30ad9ea7ecb47c9ecc557c975c3bc5629be08c4ce0b1363bfae.lto_priv.544
                0x0000000000025c98                s8209786c2f94107659034276f3ee16df3b04a0c01d2aac38e4f4019bc711fa6c
                0x0000000000025caa                s22632d9656f345257e3672be55fad4bd054e7b1f45d7a33991406a1d3df14173
                0x0000000000025cc4                s42211e3e27d48b411d28cc1d66e43b141b5bd87b79bc2187234d6427aea1d509
                0x0000000000025d3e                s41533bb10887dcf0d4b1a7c8193969a88c30ef1c8047db2eabcf467c05f317a1
                0x0000000000025d48                sd686cacbf3e315ff46d06fc6292975368953eb0c9e9b9aed6e942b8216c4b8b4.lto_priv.426.lto_priv.547
                0x0000000000025d58                sadce032afb36709c8f7e0ceb3b23469a018d7533cc3d6cc2e96fc525c147306e.lto_priv.490
                0x0000000000025d96                s0550afdd7deefc984d4658793edfb1803e681781f3f9a9ff14e5c7d2bbb469db.lto_priv.489
                0x0000000000025dc0                se3be05eda578ad5c98efb95cbf3c4bd6d81ae6e4c2c6f334c3765a2345f6bbf0
                0x000000000002600c                sc5659e6e77a0f99ec87f48a464218ed1456dd1c7e66909064d3aea7cb9878014
                0x000000000002608c                s1abc025b3eaf73ea74ebd9a04aa49c294aca0ffe3f702e7dd1716bf25d2446c9
                0x000000000002611a                s46f017b9bfe1fea8dcf2831748b2d680d5d87b25aca3268d9e0e3bdd0d5ca2e4
                0x0000000000026190                s0bbc658ae40c6ad2a27e3f47dde8502bd25d980304c9d6c6e5f408038b806da6
                0x0000000000026268                s2a486e33419ff7798313b774889afe60edb1413d363941f4f1899bedd12a6d93.lto_priv.472
                0x0000000000026290                sf60f83d755f0a52763cf7a2883fa2ca00f53f414b222273be74425383ed1ca87.lto_priv.469
                0x00000000000262c0                s259fff18c1623ff8d74d2281d47f71d4b9fb2e5dc048db0ab1a177053e26b5ce.lto_priv.468
                0x00000000000262f4                s83081b6ce3969064cb9165203b38f7006535d1945ed8de3bd6171a703eb76c99.lto_priv.486
                0x0000000000026310                s885ad003d1a70782b6488ad8fe23a0e011081f8717207053dc3446d02871cd98.lto_priv.409
                0x00000000000265c4                scfe66bbcfc2b6095720e93ab1c2bcfe14ccd13be2d22dd62f2619a2f82d0ebb7.lto_priv.491
                0x00000000000265e4                sa3b324c591f6d26bbd3ec9781d44150692653993619f28ad858dd1327fe31bd6.lto_priv.462
                0x0000000000026638                s416e5bb8168174431b211b7e8c614c15c19037a547c46d509e6d8e610324de17
                0x0000000000026650                s85ae07046046c21c062951d38b9c6e97e2b379c648af9249fc3294aa554773ef
                0x00000000000266d4                sa679645f84d5be7e1be64063af3589e9b6c62b431fb40825d1ca5946eb889dca
                0x0000000000026710                s290f101c2806736d2b6b9d4d9a3b7bc34f9ca82e882e18d8e86ed48dbff287da
                0x0000000000026740                s530fc661ae803b3f4149cfbaa4000619a7b0fbd03b648a34c69561290c1dd940
                0x0000000000026770                s22afa220487bedb3c477ba1d606893a98bbc7ac6123ac91aaf08babb89313b00
                0x00000000000267ec                s382fec86d1eaae7e2c297077e530022a0b53819b188003fc575fd6674f598b20
                0x0000000000026830                s2901f6f3261dff255f2dbdf806e8ff275ed51b2617962a7ac103087685f430af
                0x000000000002686c                s99fa0c7fa72a24e535054124968827c7df1954cbcccba4298ba09a03bdadd0fb
                0x00000000000268dc                s1df4adcde2d184482094fe1cd61c45dd1a11cbf0b5ac0a61bc20fe8664514fdc
                0x0000000000026d88                sa807ed7364693584fbd81e0c72d1e5565339c56c959e8d0e853254e42484b3e4.lto_priv.500
                0x0000000000026db8                sc43e2ffbcb17addf1cc7e6a16f0442ce2cbe600017edaebc232911bbedb679ca.lto_priv.482
                0x0000000000026ef8                s895f3edb7da738ae400f079f404ca8e3ff12bb0776816b5367c4440a59a4633e.lto_priv.478
                0x0000000000026fd8                s6b844f46970f5a2b7a455678c69ebca6adfc498c07cda47f3810e9b08739c441
                0x0000000000027002                s4163249e47ffb159117e19278b2152d733eab82b93683972a0e3e83a30f97c16
                0x0000000000027210                s09ffff0c8b28f03c3f08094ad1463989b3e6eea94c968e9492a02eb79b590594
                0x00000000000272a0                s4ef5982e7abc35dba9770ae74e99dd4bedb834518544359bd92b3c45d9916979
                0x00000000000272cc                sbdee2801e98c7a0edf369d1e90958219ad8774afa00eccf84a553d4ec2437871
                0x00000000000272f4                s54a9669fd83e27bc2e697fa65cda3e3d49a0a7eedae09b9b64d05202f0d1ca75
                0x00000000000274bc                s0053c740adf7496e64e177f5feef86f7565762ff516e3d8548e16b3ecf3b9ec7
                0x00000000000275cc                sf2b50ec0568ec0d556edbda25be4f1e8e575539a9ddb269ec164b6860e78a8d6
                0x000000000002765e                sb95e061c538f0d719b0361b8b6efd15e48a02699bc92388d2bc1f26317c2a78e.lto_priv.488
                0x0000000000027810                s19fd2f8e0103bbdcb0d735bd7b682fe7e3457cef15c11d62a191c87641b7f54d
                0x00000000000278ca                s3c34da3f9704cdfff3a4646e43f2682f44f2135c6d97bbd89c6e1f159ecb8239.lto_priv.471
                0x000000000002794c                sef59c04741f7c57576b2c46065d486773145b6eac358444a5e1dfdf1ec32f4a9.lto_priv.470
                0x0000000000027ce4                s23f9d3463cd62ac6e3a5def8199b6794a810f915e6b9bd5bbf832f2759fa26e4.lto_priv.408
                0x0000000000027fc4                sde0b7c67e138049de0956a776e35048d7eb1c6b4728c3b18c1c980ef682862ae
                0x00000000000280ac                s2ba7bede982b27b2449fe8bfd4591d2d7e0429ee4a9663c186e0c8a77f5cc3f3
                0x0000000000028298                s364cef96066813d354fe02540d1b9b7de2ecbbcac2d95745d038df5826030020
                0x0000000000028348                s2426eb96c21c2674219a36cdffc6b72d6d1b2657bb9a2a9aaef45138eb595f9d.lto_priv.353
                0x00000000000283c4                sab23084c930c41d4d971099a07fb79de5d7c5aa0a6ff2e27c5207d6259fb9445
                0x0000000000028504                s784c27d24fdadb588bfecf888627982e34d2fa3156f66d94e01e6cefcea4b090.lto_priv.527
                0x00000000000286e4                s841af36985d36addad54b99e67ad3d0ed0a74fbde298dfdb9d1debe73c037292.lto_priv.512
                0x00000000000288b4                s5c7eaa24527434f1abbabb6c896f4b6707ae8cb2e3039840b135e52a39f66b2c.lto_priv.424.lto_priv.505
                0x00000000000288f2                sc6e672a5568eeb8f6577aa266f148007ea0edbeb690fa4c5025fc20d918f4663
                0x000000000002897c                sec27f2f91475287da47dc76aa0d6a72b4afd1f3a7efcd98f59822fdb4a9d0a9e
                0x0000000000028db0                sb431c7e9d09a30c865d43c379090d0c35a0ebb6b4fee927a0b22146831afe36e
                0x0000000000029264                s45df970e48679bcea027b149812f87ba1df6392d5bcd4e61358b71ff80392b29
                0x00000000000292d4                s7c7c380543fca27b7d2c25c89d04fc64064fbdf2de3a996385a8848ea072ca65.lto_priv.484
                0x000000000002942c                s3d0dd3cbcd4a3b5d569efe47f1b47905a0a0866f91a3dacb1d833a6898ef21ed
                0x00000000000297cc                sb825ace5a61873dadd53f02758f419f5a9fe511becbb137cf54ee87adfb6b528.lto_priv.291
                0x0000000000029a84                s4951a5795413cd6b2660a0944fed752125e517e21744abe7e08e1280b68076d3
 .text.unlikely
                0x0000000000029b50      0x200 /var/folders/p4/rgstsg657gv418yvwz4l2_w4001lhq/T//ccj091aR.ltrans3.ltrans.o
                0x0000000000029b50                sa928c8cd6ce608b56b573f3f2b002f56188767c6c39c54feff9db399d7e126c2.part.4.lto_priv.502
                0x0000000000029bb4                sc1143d82ecdac956b9da4e82cb0a754ba9234dab7f7505c11df3976fb3e22907.lto_priv.501
                0x0000000000029be8                s5e844063d6c8fa6abed6722cf45c0e23eb2ead2e8071bc7e2b4dda9d12700c96
                0x0000000000029c32                sd19f694f0ffd936301a4d6f3652d168e0e67c123ffbef755ec898799c49d4551.part.11
                0x0000000000029c4a                sca59a754a6613afdcbaefd5f417887b698476169315178c828100353ebe74f26.lto_priv.499
                0x0000000000029c8c                s7de7d4e104276c3642fb1768e552e4fa3b73f06ade72fe8231aec251d7d91e70
 .text          0x0000000000029d50     0x4d98 /var/folders/p4/rgstsg657gv418yvwz4l2_w4001lhq/T//ccj091aR.ltrans4.ltrans.o
                0x0000000000029e48                s1466b25e8d4f118f5b4cc3fac836d7234df705ec9d870d55ddcd8cd542403d79.lto_priv.531
                0x0000000000029e7c                s92b2fcccc68bf077c78f0143d205f06c2d80bbddf4b71cd9780f9b366aea0be5
                0x0000000000029eb4                ccm_aes_setkey_wrap.lto_priv.331
                0x0000000000029eb8                aes_ctx_free.lto_priv.330
                0x0000000000029ecc                aes_ctx_alloc.lto_priv.329
                0x0000000000029ee2                aes_setkey_enc_wrap.lto_priv.327
                0x0000000000029ee6                aes_setkey_dec_wrap.lto_priv.328
                0x0000000000029eea                aes_crypt_ctr_wrap.lto_priv.326
                0x0000000000029f30                aes_crypt_ecb_wrap.lto_priv.325
                0x0000000000029f34                ccm_ctx_alloc.lto_priv.332
                0x0000000000029f4a                ccm_ctx_free.lto_priv.333
                0x0000000000029f5e                bgapi_test_lib_msg_handler
                0x0000000000029fbc                bgapi_gatt_listener
                0x000000000002a2d0                sli_bt_cmd_le_gap_set_advertise_configuration
                0x000000000002a39c                sli_bt_cmd_le_gap_set_advertise_report_scan_request
                0x000000000002a40c                sli_bt_cmd_le_gap_set_advertise_channel_map
                0x000000000002a470                sli_bt_cmd_gatt_server_send_characteristic_notification
                0x000000000002a534                sli_bt_cmd_gatt_discover_characteristics
                0x000000000002a5a0                sli_bt_cmd_le_gap_set_discovery_type
                0x000000000002a5fc                sli_bt_cmd_le_gap_set_discovery_timing
                0x000000000002a67c                sli_bt_cmd_le_gap_start_discovery
                0x000000000002a710                sli_bt_cmd_le_gap_end_procedure
                0x000000000002a75c                sli_bt_cmd_le_gap_stop_advertising
                0x000000000002a78c                sli_bt_cmd_le_gap_start_advertising
                0x000000000002a7d8                sli_bt_cmd_le_gap_set_advertise_timing
                0x000000000002a870                sli_bt_cmd_le_gap_bt5_set_adv_data
                0x000000000002a8e4                s21f4c1b8d81d3a6b7750152358d4b08632044968c8c6d85c209740cd59a8887e.lto_priv.532
                0x000000000002a910                s1b67e015e8fcb329da66970dc943d2607032fdb9d05e008280ac43f8714f2e95.lto_priv.533
                0x000000000002aaac                s0f335f3d525079104079decbc354a855f9962a5a9606b0b5c55245361f3a5f58.lto_priv.530
                0x000000000002ac0a                ll_advExtUpdateOffset
                0x000000000002ac70                ll_advExtCreateHeader
                0x000000000002ae30                ll_advExtUpdateChannelMap
                0x000000000002ae50                ll_advValidatePacket
                0x000000000002af1c                ll_advTaskStopHandle
                0x000000000002af3e                ll_advHandleConnectReq
                0x000000000002b070                ll_advTaskInitAdv
                0x000000000002b0cc                ll_advGetByHandle
                0x000000000002b114                abort_long_write.lto_priv.361
                0x000000000002b132                free_params_data.lto_priv.360
                0x000000000002b148                set_change_awareness
                0x000000000002b180                set_client_features
                0x000000000002b1e0                zeroize
                0x000000000002b1e0                mbedtls_zeroize.lto_priv.334.lto_priv.337
                0x000000000002b1e0                mbedtls_zeroize.lto_priv.335.lto_priv.336
                0x000000000002b1f0                mbedtls_cipher_update
                0x000000000002b290                mbedtls_cipher_setup
                0x000000000002b2c0                mbedtls_mpi_cmp_mpi
                0x000000000002b340                mbedtls_mpi_cmp_int
                0x000000000002b35a                mbedtls_mpi_cmp_abs
                0x000000000002b3bc                mbedtls_mpi_bitlen
                0x000000000002b3fc                mbedtls_mpi_write_binary
                0x000000000002b444                mbedtls_mpi_grow
                0x000000000002b498                mbedtls_mpi_lset
                0x000000000002b4c0                mbedtls_mpi_free
                0x000000000002b4ec                mbedtls_ecp_point_free.part.7
                0x000000000002b506                mbedtls_ecp_group_free
                0x000000000002b564                mbedtls_mpi_copy
                0x000000000002b5b8                mbedtls_mpi_mul_mpi
                0x000000000002bbc0                mbedtls_mpi_sub_abs
                0x000000000002bd48                mbedtls_mpi_sub_mpi
                0x000000000002bd8e                mbedtls_mpi_add_mpi
                0x000000000002bdd2                mbedtls_mpi_init
                0x000000000002bde0                mbedtls_ecp_point_init.part.4
                0x000000000002bdf8                mbedtls_mpi_read_binary
                0x000000000002be5e                swap_endianess
                0x000000000002be7c                bg_random_get_data
                0x000000000002bf20                bg_pool_free
                0x000000000002bf70                bg_pool_alloc
                0x000000000002bf8c                bg_message_run
                0x000000000002c018                bg_message_call
                0x000000000002c046                bg_message_remove_receivers
                0x000000000002c07c                bg_message_remove_receiver
                0x000000000002c0b2                bg_message_enqueue_free_callback.lto_priv.338
                0x000000000002c168                bg_message_cancel_matching
                0x000000000002c1c4                bg_message_cancel
                0x000000000002c1ca                bg_message_send_later.lto_priv.373.lto_priv.638
                0x000000000002c1ca                bg_message_send_later.lto_priv.372.lto_priv.584
                0x000000000002c1ca                bg_message_send_later.lto_priv.374.lto_priv.564
                0x000000000002c1e0                bg_message_send
                0x000000000002c1e4                bgapi_sm_listener.lto_priv.620
                0x000000000002c2bc                bg_malloc
                0x000000000002c324                end_procedure.lto_priv.362
                0x000000000002c360                gatt_handle_write_response
                0x000000000002c372                gatt_handle_execute_write_response
                0x000000000002c3aa                sli_bt_cmd_gatt_set_characteristic_notification
                0x000000000002c45e                send_characteristic_value_event.lto_priv.363
                0x000000000002c4d2                gatt_handle_read_multiple_response
                0x000000000002c50e                bg_message_add_receiver
                0x000000000002c532                bg_zalloc
                0x000000000002c59c                bg_event_allocate
                0x000000000002c5c8                att_buf_send
                0x000000000002c5e4                gatt_handle_exchange_mtu_rsp
                0x000000000002c62c                att_send_pdu
                0x000000000002c638                att_alloc_pdu_copy_data
                0x000000000002c66e                sli_bt_cmd_gatt_write_characteristic_value_without_response
                0x000000000002c6e0                sli_bt_cmd_gatt_discover_primary_services_by_uuid
                0x000000000002c7a0                att_alloc_buf
                0x000000000002c7b4                att_alloc_pdu
                0x000000000002c850                gatt_handle_read_blob_response
                0x000000000002c886                gatt_handle_read_response
                0x000000000002c968                att_send_execute_write_response
                0x000000000002c982                att_send_error_response
                0x000000000002c9a8                acl_find_by_index
                0x000000000002c9c4                acl_find_by_hci_handle
                0x000000000002c9e0                acl_release
                0x000000000002ca80                s8a44a78a2f0e4b439b1726337a1ae339527cb3ac865f6c6ae21defdfb6113208
                0x000000000002caf0                s4c0a63f7ea3889de212b57507890c82e0d99fc2ba7186aeba94fa2fa6b5c8db9
                0x000000000002cb28                s4cca05ee09158b753c3aafcb5421b1cd29e3c85a6a5995be77e226b599dab20c
                0x000000000002cb28                bgbuf_copy_to
                0x000000000002cb86                s15dc2363b4f74df285f2a6abfef1966f04b19df73dbd4a4a10b3b05047c39bf9
                0x000000000002d3b8                gatt_handle_read_by_group_type_response
                0x000000000002d474                gatt_handle_read_by_type_response
                0x000000000002d690                gatt_handle_find_by_type_value_response
                0x000000000002d742                gatt_handle_find_information_response
                0x000000000002d8e0                swapl.lto_priv.355.lto_priv.367
                0x000000000002d8e0                swapl.lto_priv.356.lto_priv.357
                0x000000000002d8e4                sae91bed8adbdedc66ae85f7ccaefccd1b8bf106f4ea786b0eb8ff19433dcac66.lto_priv.347.lto_priv.366
                0x000000000002d8e4                sae91bed8adbdedc66ae85f7ccaefccd1b8bf106f4ea786b0eb8ff19433dcac66.lto_priv.381.lto_priv.439
                0x000000000002d8e4                sae91bed8adbdedc66ae85f7ccaefccd1b8bf106f4ea786b0eb8ff19433dcac66.lto_priv.348.lto_priv.349
                0x000000000002d8e4                sae91bed8adbdedc66ae85f7ccaefccd1b8bf106f4ea786b0eb8ff19433dcac66.lto_priv.382.lto_priv.434
                0x000000000002d8e4                sae91bed8adbdedc66ae85f7ccaefccd1b8bf106f4ea786b0eb8ff19433dcac66.lto_priv.378.lto_priv.473
                0x000000000002d8e4                sae91bed8adbdedc66ae85f7ccaefccd1b8bf106f4ea786b0eb8ff19433dcac66.lto_priv.379.lto_priv.442
                0x000000000002d8e4                sae91bed8adbdedc66ae85f7ccaefccd1b8bf106f4ea786b0eb8ff19433dcac66.lto_priv.377.lto_priv.431
                0x000000000002d8e4                sae91bed8adbdedc66ae85f7ccaefccd1b8bf106f4ea786b0eb8ff19433dcac66.lto_priv.380.lto_priv.440
                0x000000000002d8e4                sae91bed8adbdedc66ae85f7ccaefccd1b8bf106f4ea786b0eb8ff19433dcac66.lto_priv.376.lto_priv.543
                0x000000000002d8e4                sae91bed8adbdedc66ae85f7ccaefccd1b8bf106f4ea786b0eb8ff19433dcac66.lto_priv.384.lto_priv.430
                0x000000000002d8e4                sae91bed8adbdedc66ae85f7ccaefccd1b8bf106f4ea786b0eb8ff19433dcac66.lto_priv.383.lto_priv.432
                0x000000000002d908                s5a0becbf8f44c3f2470298b8eb43bfc366852042f4d99355887d971b0c32e9c3.lto_priv.534
                0x000000000002dc08                s9a5550ab4cd1541833081e8dbf24aeac7c6666c0fd5bdea2c3aa532f082e2d66
                0x000000000002dc58                s9249ff422cd9b4bfd9c76abf39abc4336086d7ecaf8757273d4736eb064361d1.lto_priv.451
                0x000000000002dcce                s2814d5a0e20f7726961d08ccf74247d7e19f1b17fd30444b9b64db74460c3be8
                0x000000000002df54                s1279c8012c6e6d2f003ef7c27a54109c90b83379831d4ec89c1ba81e47603feb.lto_priv.391.lto_priv.452
                0x000000000002df54                s1279c8012c6e6d2f003ef7c27a54109c90b83379831d4ec89c1ba81e47603feb.lto_priv.392.lto_priv.496
                0x000000000002df54                s1279c8012c6e6d2f003ef7c27a54109c90b83379831d4ec89c1ba81e47603feb.lto_priv.394.lto_priv.433
                0x000000000002df54                s1279c8012c6e6d2f003ef7c27a54109c90b83379831d4ec89c1ba81e47603feb.lto_priv.393.lto_priv.441
                0x000000000002df64                scf1d85e10975e78cc24145dffbab5e797563bcf3ce915c3a29f0a2598cb6819a.lto_priv.492
                0x000000000002e108                sb0ec9f112a6e63e730bf2449c3eaf0ab04b9d395d21d5cbf85fcc03223021d65
                0x000000000002e134                sfc5702e28db827d3d60cd6393ba0541bf69334a59cf48bec0284c3b23137e403
                0x000000000002e162                s83ce684c82d5e4193418c961e2ab368aea9ae6800b931796c85be529f2b45df4
                0x000000000002e1c0                s18ee2d44ec2e366dcb790e3450f11de3d341ea44b7afd19630074bdeffcd6947
                0x000000000002e26c                s769dc5235d4fdaf9386c9678ca7f3537b35a952df6443994a5f07ba0eec784e4
                0x000000000002e284                s411ed84e9bbe175b854383edc3a55c1b3a1d1dc3505ee8c3c4eb9873f4737fb4
                0x000000000002e2a0                s2dcd0e743e9f7c09f1eba1d2e804049cd78902e4096f8a14745a56e44dba21d0
                0x000000000002e2d4                s945b09f75b667b038de56a40d51d378081764d5a79733745fcc6cef0210b95e8
                0x000000000002e2ec                sbace06ff033f2e8c267d92735b56d9a4762a1c0f9c853d4058108ca44fbcbbc0
                0x000000000002e348                s625141ef0933a2076b54f4ec72fd9c8628147519386c7b4389c5bd7e5e11790e
                0x000000000002e47c                s289b207a7b2fa373ea6073df33cf1801a5e780fc85db7934093fddebdba6d035.lto_priv.487
                0x000000000002e534                sa3ca7815422268cc15160953a3137ac54cf53e2a1e8eba7542a64fa5fc03060b
                0x000000000002e5fc                sfc157e41f0d0950322989c821be32d4d8c5873eab778a308d13a3c41eb9ea870
                0x000000000002e64a                s95980cd0e9c932d8125e6cee8c6d1a28e3559fe7c301eb6de658757ec4840a67
                0x000000000002e6aa                ll_advUpdateMaxEventLength
                0x000000000002e7ac                ll_advTaskReschedule
                0x000000000002e998                ll_advTaskHandlerWaitTx
                0x000000000002eac0                bg_event_raise
 .text.unlikely
                0x000000000002eae8      0x17e /var/folders/p4/rgstsg657gv418yvwz4l2_w4001lhq/T//ccj091aR.ltrans4.ltrans.o
                0x000000000002eae8                mbedtls_mpi_shift_l
                0x000000000002eb76                mbedtls_mpi_shift_r
                0x000000000002ebec                s7efc51fd3d301ab8e0a049483a62e73dca251991924531da5531959053b2c1c6.lto_priv.387.lto_priv.545
                0x000000000002ebf2                sa7450af508cb1cd4169cfc47c318722dab74bfe56b1ebabc20abe0c02ad2ae10
 *fill*         0x000000000002ec66        0x2 
 .text          0x000000000002ec68     0x50ac /var/folders/p4/rgstsg657gv418yvwz4l2_w4001lhq/T//ccj091aR.ltrans5.ltrans.o
                0x000000000002eca8                s5a5e82942c69dbc8944f7bf43037d5a63d5312aab2e7beae89234f0f3900aad8.lto_priv.538
                0x000000000002ed0c                s58bad3d3a93d2c3c5ddf56f723f1c6dea60522e8b111e5f5a6b5b7baebf83a32.lto_priv.537
                0x000000000002ed3c                s41c76a511cebf787d9795603c9c46bfed58c09f82b9734676717e67d9c75c524
                0x000000000002ed54                s1c67ca1ed1ba95356d1c63f9997a377d797c3c73431f5272bfa1c61ea6d52562
                0x000000000002ed80                s4c8201506b9d2c2aad60c49c62d5bc06726550d12fc8a4cd27f0aaa6cfba462a
                0x000000000002eed4                s792fe0b0266232c8cc27ba33325146eac421459228746f35c90702684f9891c4
                0x000000000002efac                sf78ab8b0468d781fbb8f91e56281bd4776faa0421919892d1c17646facff184a
                0x000000000002efcc                s5454125b0a0d8b699e38c8e82de55651e3976a581e24478f70002edbc9db6754
                0x000000000002f140                sf70f2e862df3f7f17e28be529ed4ae4c652f45d0a8ea116f19ddfb6ae9dd373b.lto_priv.535
                0x000000000002f1d0                s5b294e6f5774446e5b883d429e880a83b10d05af8c32f4e070a10bd70b51d77f
                0x000000000002f214                sebf6d03a8adb4af1a8e5aef3d2f944b386d0f8d975d593e0352a93f6df2d6caa
                0x000000000002f254                s4c16a1e99148ead8e479679e526620ed264169c4395c522585742bc820960311.lto_priv.615
                0x000000000002f266                s70b2157625887349ce2ac698fd0992e4006c65ed17c4691cb7d82172c86d6d6c
                0x000000000002f420                ll_advTaskHandlerWaitConnectRsp
                0x000000000002f438                mbedtls_ccm_setkey.constprop.271
                0x000000000002f472                mbedtls_cipher_free.constprop.269
                0x000000000002f4b0                mbedtls_cipher_cmac_starts.constprop.265
                0x000000000002f510                mbedtls_cipher_info_from_type.constprop.264
                0x000000000002f518                sebde28e5199029a4d40bc7c32a73d5e88965c9cdc2d1f024659d67089bdff9a7.constprop.253
                0x000000000002f56c                bgbuf_alloc_size.constprop.252
                0x000000000002f580                saf319d08700190372d46a44274ce8de4ee88150562caa94fb6cb1ab214c52fe4.constprop.251
                0x000000000002f5b0                gecko_register_bgapi_library.constprop.240
                0x000000000002f5ec                mbedtls_ecp_group_load.constprop.229
                0x000000000002f658                bg_message_enqueue.constprop.218
                0x000000000002f678                bg_pool_init_pool.constprop.211
                0x000000000002f6f4                hci_command_init_shared_bgbuf.constprop.194
                0x000000000002f748                ll_randomGetData.constprop.157
                0x000000000002f7b8                ecp_modp.constprop.136
                0x000000000002fbec                s35968777b0e92dfe64596e88967e7d007a2d33bb29094772fa4933e77e38da5a.constprop.129
                0x000000000002fbfa                _mesh_foundation_send_byte_array_impl.constprop.113
                0x000000000002fcac                sd603bf1de0b63bbfe79a562f1e0777877a9ff76227f122b15d18b57cf36ca4e0.constprop.112
                0x000000000002fd74                se2aeeecb0b27689c96212a4cc00d63ed6d86d9a245abac285019de9c1cb80c98.constprop.78
                0x000000000002fe48                se6ebc57ff04ae053207b0d7cb9e60057d2a8bb8cb7f64ce16cd30e42ce05aafa.constprop.52
                0x000000000002ffcc                s2a72cf4c991dac628ae1a1e786d1cafd33cfe39ff97727ac544485ac36ba97cd.constprop.51
                0x00000000000300c4                s7e26e9e1947ecb156e466327504ffa5335b4163a017b83c7dcb1fc645cef8c5f.constprop.45
                0x0000000000030114                s4467a4bb4bdb0e03b497946779aba2bcf52fd302181e54fed567d0c549aeeffd.constprop.30
                0x000000000003015c                alloc_params_data.constprop.9
                0x0000000000030186                att_send_read_by_type_request.constprop.8
                0x00000000000301b0                att_send_execute_write_request
                0x00000000000301ce                att_send_prepare_write_request
                0x00000000000303d2                att_gatt_client_handler
                0x0000000000030672                att_send_find_information_request
                0x0000000000030698                s16636ede062bb1cc2d9489a5934769eb99fe5647183207232aa4491016148e3f
                0x0000000000030794                s7896be942626c7462454d1f36208b19aa2b666b5e9353effcf69a8baee014bf4
                0x0000000000030894                se8ec032de8e67426dfa6c67c31396f4aa371f09841101738182862d33f3bb7a1
                0x00000000000308cc                s8a47bf7c411c211947451a8bb019924a03746e44a72fd7f548a1e3c32a2a17ed.lto_priv.494
                0x0000000000030934                bgbuf_chain_links.lto_priv.297.lto_priv.443
                0x0000000000030934                bgbuf_chain_links.lto_priv.294.lto_priv.454
                0x0000000000030934                bgbuf_chain_links.lto_priv.298.lto_priv.493
                0x0000000000030934                bgbuf_chain_links.lto_priv.295.lto_priv.636
                0x0000000000030934                bgbuf_chain_links.lto_priv.296.lto_priv.506
                0x0000000000030944                sd002ad6342771cdf67c18561aad474782a32d0c7b1d5a0a7a2628be19a1a97de
                0x00000000000309b0                s7ea7b54341113c97300f989d47d9286c4de00d2143e477463c76b3edbbefd6eb.lto_priv.540
                0x00000000000309b2                s0b73cd5e7dabc4fead51d53bf3c137fe4e6c6da8ef32a93b860659f7d7d21032
                0x0000000000030ac8                s6fede3983db7a6bfc91d4f170e8ca61b77a18a535f6c2ac23718165f4f429760.lto_priv.539
                0x0000000000030b58                s494701da0ec5fca260b49cfeeb9dc6820e5c87380947d1b0ee1dde67b6a257b8.lto_priv.541
                0x0000000000030be6                sb1d5a5b11544ec9181588b85caf757f05ae891cc837014e5542833a70fd3d145.lto_priv.542
                0x0000000000030c4c                s4fad1b78a9e4406f0c08a244b1a2f283630ba148794a24d1d7f4300f96ca24eb.lto_priv.536
                0x0000000000030ca2                s60c2c44ea023523c972c4211753925fe5e24dd25875ba545f1c46d2affdefa3e
                0x0000000000030ccc                s4710d7ce7ed4582b10cbf9798c5a9276f1d55ff1484b0fe03608efd4e49d339a.constprop.43
                0x0000000000030efc                sa11442f0b781289db2e77dbaedd67ab934337f5ad230d17f986210111dbdae45.lto_priv.641
                0x0000000000030f74                sc6b2b55ff6987d905de0d4c4112ef286ac9dfe5a5672003e076d9d9716095a9a.lto_priv.495
                0x0000000000030f90                s46b176646e7b91a4163958c25919df001b33db0768ab381426e6f1a00328285f
                0x0000000000030fda                s94da43ddf5e417360ed9a7253f334c4c3746ad39acbda8a28c5f12e2f6a29b27
                0x0000000000030fee                sa6a7a22e4f4e96d2e2b5b19849909a264b73a95802f1956141a9c5065b51f429.lto_priv.546
                0x0000000000031008                SE_readCommandResponse.lto_priv.302.lto_priv.438
                0x0000000000031008                SE_readCommandResponse.lto_priv.300.lto_priv.453
                0x000000000003101a                mbedtls_ecdh_compute_shared.constprop.130
                0x000000000003116c                ecc_keygen.isra.0.lto_priv.437
                0x00000000000312cc                mbedtls_cipher_cmac.constprop.144
                0x000000000003136c                mbedtls_ccm_init.part.0
                0x0000000000031374                mbedtls_aes_init.part.0
                0x000000000003137c                mbedtls_aes_crypt_ecb
                0x0000000000031440                mbedtls_aes_crypt_ctr
                0x00000000000315d4                mbedtls_aes_setkey_enc
                0x0000000000031614                radioaes_acquire
                0x000000000003164c                ll_linkGetWindowWidening
                0x00000000000316a8                ll_connEncDataToBuffer
                0x00000000000316d0                ll_connEncBufferToData
                0x00000000000316fc                ll_connValidateParams
                0x0000000000031736                ll_connUpdateMaxPacketLengths
                0x00000000000317a8                ll_connGetHandleByConn
                0x00000000000317d8                ll_connGetByHandle
                0x0000000000031804                bg_bit_clr_exclusive.lto_priv.305.lto_priv.577
                0x0000000000031804                bg_bit_clr_exclusive.lto_priv.306.lto_priv.570
                0x0000000000031804                bg_bit_clr_exclusive.lto_priv.309.lto_priv.568
                0x0000000000031804                bg_bit_clr_exclusive.lto_priv.308.lto_priv.571
                0x0000000000031804                bg_bit_clr_exclusive.lto_priv.307.lto_priv.579
                0x0000000000031816                bg_bit_set_exclusive.lto_priv.316.lto_priv.569
                0x0000000000031816                bg_bit_set_exclusive.lto_priv.315.lto_priv.397
                0x0000000000031816                bg_bit_set_exclusive.lto_priv.312.lto_priv.634
                0x0000000000031816                bg_bit_set_exclusive.lto_priv.313.lto_priv.567
                0x0000000000031816                bg_bit_set_exclusive.lto_priv.311.lto_priv.635
                0x0000000000031816                bg_bit_set_exclusive.lto_priv.310.lto_priv.411
                0x0000000000031816                bg_bit_set_exclusive.lto_priv.314.lto_priv.402
                0x0000000000031826                ll_connEncryptionConnectionInit
                0x000000000003185c                ll_connRaiseEvents
                0x0000000000031aac                bg_bit_clr_atomic.lto_priv.318.lto_priv.566
                0x0000000000031aac                bg_bit_clr_atomic.lto_priv.317.lto_priv.578
                0x0000000000031aac                bg_bit_clr_atomic.lto_priv.319.lto_priv.640
                0x0000000000031ac4                bg_bit_set_atomic.lto_priv.323.lto_priv.401
                0x0000000000031ac4                bg_bit_set_atomic.lto_priv.322.lto_priv.565
                0x0000000000031ac4                bg_bit_set_atomic.lto_priv.321.lto_priv.412
                0x0000000000031f7c                ll_channelmapUpdate
                0x0000000000031ffe                ll_connInitNew
                0x00000000000321ec                ll_channelmapUsedChannels
                0x0000000000032214                ll_channelmapGetChannelMap
                0x000000000003222c                ll_connUpdatedChannelClassification
                0x0000000000032298                ll_advTaskHandlerCommon.part.8
                0x00000000000322b8                ll_advExtoffsetToSecondaryPacket
                0x0000000000032538                ll_advExtTaskHandlerWaitTx
                0x0000000000032638                ll_advSetData.constprop.160
                0x00000000000326c8                radioaes_restoreState
                0x00000000000326fe                radioaes_saveState
                0x0000000000032734                aes_ccm_ble.lto_priv.576
                0x0000000000032910                ll_connEncryptionSetSessionKey
                0x0000000000032bcc                ll_connSendData
                0x0000000000032d9c                ll_connEnableDataFlow
                0x0000000000032db4                ll_connEncryptionFail
                0x0000000000032dca                ll_connFree
                0x0000000000032e24                ll_connAlloc
                0x0000000000032f32                se84d0a2eed329f0d8ae7139ca7242017b1d0a9b6bd5f2e39755a794d970fa019.constprop.258
                0x0000000000033200                s8238349c7490cbe9e183080c66ef5e6c9b8fee6432239eea3a5582e9771250dc
                0x0000000000033244                sae3b8ec4845891b9762381ea320bfedf229aed6821e396fd59a095ea46d7a739
                0x0000000000033504                s79736e65a27c2f2d1ff9e9c3471b9391297c4887318f30b7c807c821ff5c2e76.constprop.90
                0x00000000000337d4                sb7421a287a6c3f840a233791d6796668a918d6c7ee63baba6a47c1cbdf09b9d0.part.5.constprop.98
                0x0000000000033858                s487ea036d47a2ee86eb0521f09371077cfa5a9ec8945fdcd2f0026defff3e571.part.4.constprop.96
                0x00000000000338c6                s7d66906a566618f98a619b9f6be00c12e357e409348b22ae5469b6ce49aeb33d
                0x0000000000033a48                s3ec0f89864327f394b417a3e6d19ae085646c6330cf3452a5449a606b4ea5441
                0x0000000000033a86                se71290be92d3138ba9a4d5b0b8ee61935cfffb2147193013e6d6d1818ee3450b
                0x0000000000033a9c                sb436e67fd69f7a8a1f341f0897bd6ec20bd679e6d5a471e206fd05e78aaa204a.constprop.118
                0x0000000000033b0c                secf6e950a858cc7f4fd09591a00bac9b41df7f48915a54ea510cd26bafcaad31.constprop.117
 .text.unlikely
                0x0000000000033d14       0x80 /var/folders/p4/rgstsg657gv418yvwz4l2_w4001lhq/T//ccj091aR.ltrans5.ltrans.o
                0x0000000000033d14                l2cap_send_command_reject.constprop.177
                0x0000000000033d5c                s6ad57cc719a551f90fce4415507b354fbfa7f91a7be5d29e1119452e80f6b326.lto_priv.639
 .text          0x0000000000033d94     0x3db0 /var/folders/p4/rgstsg657gv418yvwz4l2_w4001lhq/T//ccj091aR.ltrans6.ltrans.o
                0x0000000000033d94                scba0ae8e2110443fe760c8b417f8370013b6c48cf5c20fbb86232d3ac7e3052b.lto_priv.396
                0x0000000000033eb0                s21c322827747a6c09973277e27b2f68c0eb663a115dea80d5530f552e1392d73
                0x000000000003406e                s461989de5462e6fb47462632132385a5b7c5ab87ab7cb9c7630393db523b27ef.lto_priv.448
                0x00000000000340cc                sb09991a443a6f43a91b8e1200e67d907a4f9037287d30bfe82117be5f0da2fd3
                0x0000000000034108                s8054cb21768b0000e911da6210918717f2c07fb0a25966570bfe5154d8108fe2.lto_priv.429
                0x0000000000034144                s5f3f63c00ebfc234070fce4b40c394387674d364ef85cfee9b7ed4cd5c1ed724
                0x00000000000341bc                s561cd7e421eb4d3d2178e1252d16c54ffce161a8ada9da157fb6e4705973e543
                0x000000000003422c                sd8f1b28fdc7158a643a691e937efc288d999d2186a49d84b84d4bdd3e6a939ce
                0x0000000000034354                s17616d2727ced0cac5f8b44c1f11a1488143306be0c5c1785880454ad1e72dbc
                0x000000000003436c                s66c7aa504fc0b9fcffa12c8502f30213286a5c9cf859fab60a36d3f4454b1589
                0x00000000000343b8                s8f38c704d79984103283e68c9a29deae928e56062518096e755279545977ea93
                0x00000000000343f8                scc2abec07eceef7de3f2d61d248855827a675e58e49d2f51236d4091752f4ef1.lto_priv.450
                0x000000000003442c                sb3b348facc041441d83d0b76d21aa7d4841996a57b040e80d5c40950e4c6a5ce
                0x0000000000034478                s4e54108ecb5fe272fdf4b21c34dca41d1b16fddb1acf06189a7c6fd8e67f39fd
                0x00000000000344c4                s5e0fbb94b70de1cf4ef44c0069791fa42e3d7bcc41b4bbcf43032737fa82b2cb
                0x0000000000034520                s475b4822318bbc72b5fb7758c42e1be65b10d8d619aa8850880bf3bc00fcaff1
                0x0000000000034574                s99e819ca504ed463cbe1753ce8c19150e4558f2d055d7b29be95816888e78b08
                0x000000000003458c                sd9973c788848d7fd24f14104125d9843a75fab28cf77942a4b35153376803616
                0x00000000000345ac                sac13b2f683beae37788681cc806388cecbf3586002a8a6b03fac0c49d5562370
                0x000000000003465c                sde6a8badca997b259a337b2126ab0939c15bb816c571a8cf8aaae9f0380b17a5.lto_priv.449
                0x0000000000034750                se257607d316459d07bceb3c0ff9a51153a2b9d9c21e2f0cc74255b01cee66dcb.lto_priv.447
                0x00000000000347b4                s0add860244545f888e49d1970c2529489ba7224e8c84d368db3abac6cc186d0f
                0x00000000000347f0                s1cfae25e630b810a09d392f223bd326cf3d00fc72e0e1eaf98c607136868fb63
                0x00000000000348ec                s5cff4d4b1609aeb1cf493c63f2bd18068941dc025e9ab9a65bf22f40957b2cb1
                0x0000000000034930                s94010c9cb6462583598c2fb9b60bbda57912f22c9a01cf5d342aa7e491aac0c6
                0x0000000000034950                s24794e9b1c7db880791e59bb9c8c6008d7f5c9d4f9a3bc2dd52f0d2168d7eee0
                0x0000000000034978                sde047c5401db8e38038e4de264c5ce75c9fd5ec1d446cb4f982385203fd2b759.lto_priv.342
                0x0000000000034994                s1f67bdecacfd115b0b9f977c9306bc9dafc3f8f0a149af2ae3d11e4d5b83f494.isra.12.lto_priv.350
                0x0000000000034996                s492937a74c7227cf5e5c34f46db83787802c704959d3864c25ff15031dc69ee4.lto_priv.436
                0x0000000000034a18                se93901843a21419a43d6d9808e09068cf6c94303a8aa2e873e7f30569d15933c.lto_priv.435
                0x0000000000034aa4                s7237d35ebd4823920cae9bbc933ff2179e422c114d85cf13bc6b3b49ec229ce2.lto_priv.445
                0x0000000000034b0e                sbbe60a167db0a37d4fcafd82ce07e10a065fe12212ff852a505fd8840c35062d.lto_priv.352
                0x0000000000034b5c                sf48709abf79b68e7d7906d22221bc900224de16a649b453f1a342e1bebd167ff.lto_priv.446
                0x0000000000034b94                s04934184445fd24abf94e8f7978f6a5d3c39967dc56ec6a46559184bfd52813e.part.1
                0x0000000000034c50                s28089b5ef700630742cc3353a6f2b9a0989860a5b9bdec14de270ad8eae62bad
                0x0000000000034ce0                s0c6e7a564e69f44ccef397b1ef56c2ae4de1b9e0f2347409acbdbb735b40787b
                0x0000000000034d38                sdc2e663157419a5e5f25af0662b3202483739cad17eaf60eb60781964f88cc38
                0x0000000000034ea8                s75a5139dd91b14f827bcd9244398f3aeb341e0a29efffb41e3896c88a4bf2d3a.lto_priv.403
                0x0000000000034ed8                s3bfb8e9c65d7a74915ad9dd1295994b7df40e7b7996ff8d6615f9213f7e5eee5
                0x0000000000035048                mesh_trans_send_sdu
                0x0000000000035778                s87e73958b570d584b5c5428022b8eeba4caa72178f5cd2773da5736c61d124fa.lto_priv.351
                0x0000000000035a00                s48cb75c59193be945775e09d6b77ac9eec333e676d0c6d8b3dd1d747d741d052
                0x0000000000036b78                s892225ddf1edbceb4f42ea29da61d0fa5d1ec21e795a38900c8d7caf64bf9e8f
 .text.unlikely
                0x0000000000037b44       0x60 /var/folders/p4/rgstsg657gv418yvwz4l2_w4001lhq/T//ccj091aR.ltrans6.ltrans.o
                0x0000000000037b44                sd3d8e1c99c20b0a2248d8c0017797b443cb415c0bd3330e135fe9610d4157fbc
                0x0000000000037b7e                sa8b8809ca18e8372fd22694770088258a964f85d70faba01c7ddee0cb5582c45
 .text.RAIL_InitTxPowerCurvesAlt
                0x0000000000037ba4       0x20 /Users/clfilho/SimplicityStudio/BLEMesh/btmeshVendor/protocol/bluetooth/lib/EFR32XG21/GCC/libbluetooth_mesh.a(pa_conversions_efr32.o)
                0x0000000000037ba4                RAIL_InitTxPowerCurvesAlt
 .text.RAIL_ConvertDbmToRaw
                0x0000000000037bc4       0xc0 /Users/clfilho/SimplicityStudio/BLEMesh/btmeshVendor/protocol/bluetooth/lib/EFR32XG21/GCC/libbluetooth_mesh.a(pa_conversions_efr32.o)
                0x0000000000037bc4                RAIL_ConvertDbmToRaw
 .text.RAIL_ConvertRawToDbm
                0x0000000000037c84       0xb0 /Users/clfilho/SimplicityStudio/BLEMesh/btmeshVendor/protocol/bluetooth/lib/EFR32XG21/GCC/libbluetooth_mesh.a(pa_conversions_efr32.o)
                0x0000000000037c84                RAIL_ConvertRawToDbm
 .text.RAILCore_BLE_Init
                0x0000000000037d34       0x1c /Users/clfilho/SimplicityStudio/BLEMesh/btmeshVendor/protocol/bluetooth/lib/EFR32XG21/GCC/libbluetooth_mesh.a(rail_ble.o)
                0x0000000000037d34                RAILINT_5068bbb2b6fcc434fb14cc631c1d5448
 .text.RAIL_BLE_Init
                0x0000000000037d50        0x8 /Users/clfilho/SimplicityStudio/BLEMesh/btmeshVendor/protocol/bluetooth/lib/EFR32XG21/GCC/libbluetooth_mesh.a(rail_ble.o)
                0x0000000000037d50                RAIL_BLE_Init
 .text.RAILCore_BLE_ConfigPhy1MbpsViterbi
                0x0000000000037d58       0x28 /Users/clfilho/SimplicityStudio/BLEMesh/btmeshVendor/protocol/bluetooth/lib/EFR32XG21/GCC/libbluetooth_mesh.a(rail_ble.o)
                0x0000000000037d58                RAILINT_e88543c9b596792889571c0f7b731dba
 .text.RAIL_BLE_ConfigPhy1MbpsViterbi
                0x0000000000037d80        0x8 /Users/clfilho/SimplicityStudio/BLEMesh/btmeshVendor/protocol/bluetooth/lib/EFR32XG21/GCC/libbluetooth_mesh.a(rail_ble.o)
                0x0000000000037d80                RAIL_BLE_ConfigPhy1MbpsViterbi
 .text.RAILCore_BLE_ConfigPhy2MbpsViterbi
                0x0000000000037d88       0x28 /Users/clfilho/SimplicityStudio/BLEMesh/btmeshVendor/protocol/bluetooth/lib/EFR32XG21/GCC/libbluetooth_mesh.a(rail_ble.o)
                0x0000000000037d88                RAILINT_1bbb34915939a1132d22091036a46419
 .text.RAIL_BLE_ConfigPhy2MbpsViterbi
                0x0000000000037db0        0x8 /Users/clfilho/SimplicityStudio/BLEMesh/btmeshVendor/protocol/bluetooth/lib/EFR32XG21/GCC/libbluetooth_mesh.a(rail_ble.o)
                0x0000000000037db0                RAIL_BLE_ConfigPhy2MbpsViterbi
 .text.RAILCore_BLE_ConfigPhyCoded
                0x0000000000037db8       0x2c /Users/clfilho/SimplicityStudio/BLEMesh/btmeshVendor/protocol/bluetooth/lib/EFR32XG21/GCC/libbluetooth_mesh.a(rail_ble.o)
                0x0000000000037db8                RAILINT_2ee23e3f7dca1747f4df921175595919
 .text.RAIL_BLE_ConfigPhyCoded
                0x0000000000037de4        0x8 /Users/clfilho/SimplicityStudio/BLEMesh/btmeshVendor/protocol/bluetooth/lib/EFR32XG21/GCC/libbluetooth_mesh.a(rail_ble.o)
                0x0000000000037de4                RAIL_BLE_ConfigPhyCoded
 .text.RAILCore_BLE_ConfigChannelRadioParams
                0x0000000000037dec       0x52 /Users/clfilho/SimplicityStudio/BLEMesh/btmeshVendor/protocol/bluetooth/lib/EFR32XG21/GCC/libbluetooth_mesh.a(rail_ble.o)
                0x0000000000037dec                RAILINT_301fd6966b03cc938549fcaff8ed0b8e
 .text.RAIL_BLE_ConfigChannelRadioParams
                0x0000000000037e3e       0x12 /Users/clfilho/SimplicityStudio/BLEMesh/btmeshVendor/protocol/bluetooth/lib/EFR32XG21/GCC/libbluetooth_mesh.a(rail_ble.o)
                0x0000000000037e3e                RAIL_BLE_ConfigChannelRadioParams
 .text.RAIL_BLE_PhySwitchToRx
                0x0000000000037e50       0x20 /Users/clfilho/SimplicityStudio/BLEMesh/btmeshVendor/protocol/bluetooth/lib/EFR32XG21/GCC/libbluetooth_mesh.a(rail_ble.o)
                0x0000000000037e50                RAIL_BLE_PhySwitchToRx
 .text.RFHAL_ConfigBle2MbpsViterbi
                0x0000000000037e70       0x1c /Users/clfilho/SimplicityStudio/BLEMesh/btmeshVendor/protocol/bluetooth/lib/EFR32XG21/GCC/libbluetooth_mesh.a(rail_ble_rf_hal.o)
                0x0000000000037e70                RAILINT_779afa263ed7c3c82ebba499c78a7403
 .text.RFHAL_ConfigBle1MbpsViterbi
                0x0000000000037e8c       0x1c /Users/clfilho/SimplicityStudio/BLEMesh/btmeshVendor/protocol/bluetooth/lib/EFR32XG21/GCC/libbluetooth_mesh.a(rail_ble_rf_hal.o)
                0x0000000000037e8c                RAILINT_66ff65441ee5a52a57deeb36588ce487
 .text.RFHAL_ConfigBleCoded
                0x0000000000037ea8       0x38 /Users/clfilho/SimplicityStudio/BLEMesh/btmeshVendor/protocol/bluetooth/lib/EFR32XG21/GCC/libbluetooth_mesh.a(rail_ble_rf_hal.o)
                0x0000000000037ea8                RAILINT_909b6a7ef307e72517ccf71f477853a4
 .text.RFHAL_BleReinit
                0x0000000000037ee0       0x1c /Users/clfilho/SimplicityStudio/BLEMesh/btmeshVendor/protocol/bluetooth/lib/EFR32XG21/GCC/libbluetooth_mesh.a(rail_ble_rf_hal.o)
                0x0000000000037ee0                RAILINT_04333b69a0dca60b3c740e5ea8c3aaab
 .text.RFHAL_BleInit
                0x0000000000037efc       0x12 /Users/clfilho/SimplicityStudio/BLEMesh/btmeshVendor/protocol/bluetooth/lib/EFR32XG21/GCC/libbluetooth_mesh.a(rail_ble_rf_hal.o)
                0x0000000000037efc                RAILINT_c9e391ec0aca95ac3fcb39c2a85bfbd7
 .text.RFHAL_IsBleLongRangeEnabled
                0x0000000000037f0e        0xe /Users/clfilho/SimplicityStudio/BLEMesh/btmeshVendor/protocol/bluetooth/lib/EFR32XG21/GCC/libbluetooth_mesh.a(rail_ble_rf_hal.o)
                0x0000000000037f0e                RAILINT_b1bc1368cb0ab6c3a512d68344391b7e
 .text.RFHAL_BLEPreambleSyncWordSet
                0x0000000000037f1c       0xcc /Users/clfilho/SimplicityStudio/BLEMesh/btmeshVendor/protocol/bluetooth/lib/EFR32XG21/GCC/libbluetooth_mesh.a(rail_ble_rf_hal.o)
                0x0000000000037f1c                RAILINT_ea38e09a46dca6f91d142e88e3db7e0e
 .text.RFHAL_BLEWhiteningSet
                0x0000000000037fe8       0x68 /Users/clfilho/SimplicityStudio/BLEMesh/btmeshVendor/protocol/bluetooth/lib/EFR32XG21/GCC/libbluetooth_mesh.a(rail_ble_rf_hal.o)
                0x0000000000037fe8                RAILINT_f866b70e0793b3932db6c314ddec02ae
 .text.RFHAL_BlePhySwitchToRx
                0x0000000000038050       0xec /Users/clfilho/SimplicityStudio/BLEMesh/btmeshVendor/protocol/bluetooth/lib/EFR32XG21/GCC/libbluetooth_mesh.a(rail_ble_rf_hal.o)
                0x0000000000038050                RAILINT_385c26eda9eb82a18dffc09180dc91d8
 .text.RAIL_WriteTxFifo
                0x000000000003813c        0x8 /Users/clfilho/SimplicityStudio/BLEMesh/btmeshVendor/protocol/bluetooth/lib/EFR32XG21/GCC/libbluetooth_mesh.a(rail_data.o)
                0x000000000003813c                RAIL_WriteTxFifo
 .text.RAIL_SetTxFifo
                0x0000000000038144        0x8 /Users/clfilho/SimplicityStudio/BLEMesh/btmeshVendor/protocol/bluetooth/lib/EFR32XG21/GCC/libbluetooth_mesh.a(rail_data.o)
                0x0000000000038144                RAIL_SetTxFifo
 .text.RAIL_SetRxFifo
                0x000000000003814c        0x8 /Users/clfilho/SimplicityStudio/BLEMesh/btmeshVendor/protocol/bluetooth/lib/EFR32XG21/GCC/libbluetooth_mesh.a(rail_data.o)
                0x000000000003814c                RAIL_SetRxFifo
 .text.RAILCb_SetupRxFifo
                0x0000000000038154       0x30 /Users/clfilho/SimplicityStudio/BLEMesh/btmeshVendor/protocol/bluetooth/lib/EFR32XG21/GCC/libbluetooth_mesh.a(rail_data.o)
                0x0000000000038154                RAILCb_SetupRxFifo
 .text.RAIL_GetRxPacketInfo
                0x0000000000038184        0x8 /Users/clfilho/SimplicityStudio/BLEMesh/btmeshVendor/protocol/bluetooth/lib/EFR32XG21/GCC/libbluetooth_mesh.a(rail_data.o)
                0x0000000000038184                RAIL_GetRxPacketInfo
 .text.RAIL_GetRxPacketDetailsAlt
                0x000000000003818c        0x8 /Users/clfilho/SimplicityStudio/BLEMesh/btmeshVendor/protocol/bluetooth/lib/EFR32XG21/GCC/libbluetooth_mesh.a(rail_data.o)
                0x000000000003818c                RAIL_GetRxPacketDetailsAlt
 .text.RAIL_GetRxTimePreambleStartAlt
                0x0000000000038194        0x8 /Users/clfilho/SimplicityStudio/BLEMesh/btmeshVendor/protocol/bluetooth/lib/EFR32XG21/GCC/libbluetooth_mesh.a(rail_data.o)
                0x0000000000038194                RAIL_GetRxTimePreambleStartAlt
 .text.RAIL_ResetFifo
                0x000000000003819c       0x24 /Users/clfilho/SimplicityStudio/BLEMesh/btmeshVendor/protocol/bluetooth/lib/EFR32XG21/GCC/libbluetooth_mesh.a(rail_data.o)
                0x000000000003819c                RAIL_ResetFifo
 .text.RAIL_ConfigPti
                0x00000000000381c0        0x6 /Users/clfilho/SimplicityStudio/BLEMesh/btmeshVendor/protocol/bluetooth/lib/EFR32XG21/GCC/libbluetooth_mesh.a(rail_pti.o)
                0x00000000000381c0                RAIL_ConfigPti
 .text.RAIL_EnablePti
                0x00000000000381c6        0x6 /Users/clfilho/SimplicityStudio/BLEMesh/btmeshVendor/protocol/bluetooth/lib/EFR32XG21/GCC/libbluetooth_mesh.a(rail_pti.o)
                0x00000000000381c6                RAIL_EnablePti
 .text.radioConfigChangedDefault
                0x00000000000381cc        0x2 /Users/clfilho/SimplicityStudio/BLEMesh/btmeshVendor/protocol/bluetooth/lib/EFR32XG21/GCC/libbluetooth_mesh.a(rail_rf.o)
 .text.isTransitionState
                0x00000000000381ce       0x12 /Users/clfilho/SimplicityStudio/BLEMesh/btmeshVendor/protocol/bluetooth/lib/EFR32XG21/GCC/libbluetooth_mesh.a(rail_rf.o)
 .text.RAILCore_Idle.part.2
                0x00000000000381e0        0xc /Users/clfilho/SimplicityStudio/BLEMesh/btmeshVendor/protocol/bluetooth/lib/EFR32XG21/GCC/libbluetooth_mesh.a(rail_rf.o)
 .text.RAIL_UnlockModule
                0x00000000000381ec        0x4 /Users/clfilho/SimplicityStudio/BLEMesh/btmeshVendor/protocol/bluetooth/lib/EFR32XG21/GCC/libbluetooth_mesh.a(rail_rf.o)
                0x00000000000381ec                RAIL_UnlockModule
 .text.RAILCore_Init
                0x00000000000381f0       0x1e /Users/clfilho/SimplicityStudio/BLEMesh/btmeshVendor/protocol/bluetooth/lib/EFR32XG21/GCC/libbluetooth_mesh.a(rail_rf.o)
                0x00000000000381f0                RAILINT_59121321a1358ecc506fdb12a688e30c
 *fill*         0x000000000003820e        0x2 
 .text.RAILInt_SetCallbackConfig
                0x0000000000038210       0x28 /Users/clfilho/SimplicityStudio/BLEMesh/btmeshVendor/protocol/bluetooth/lib/EFR32XG21/GCC/libbluetooth_mesh.a(rail_rf.o)
                0x0000000000038210                RAILINT_67b8f114888c610aba62f28a55421a70
 .text.RAILCore_Idle
                0x0000000000038238       0x14 /Users/clfilho/SimplicityStudio/BLEMesh/btmeshVendor/protocol/bluetooth/lib/EFR32XG21/GCC/libbluetooth_mesh.a(rail_rf.o)
                0x0000000000038238                RAILINT_c5804fbffcb4bb00ba2d55e8180afacd
 .text.RAILCb_CalcBitRate
                0x000000000003824c        0x8 /Users/clfilho/SimplicityStudio/BLEMesh/btmeshVendor/protocol/bluetooth/lib/EFR32XG21/GCC/libbluetooth_mesh.a(rail_rf.o)
                0x000000000003824c                RAILCb_CalcBitRate
 .text.RAIL_SetStateTiming
                0x0000000000038254        0x8 /Users/clfilho/SimplicityStudio/BLEMesh/btmeshVendor/protocol/bluetooth/lib/EFR32XG21/GCC/libbluetooth_mesh.a(rail_rf.o)
                0x0000000000038254                RAIL_SetStateTiming
 .text.RAILInt_ComputeSetChannel
                0x000000000003825c       0x82 /Users/clfilho/SimplicityStudio/BLEMesh/btmeshVendor/protocol/bluetooth/lib/EFR32XG21/GCC/libbluetooth_mesh.a(rail_rf.o)
                0x000000000003825c                RAILINT_72eb364d7718334eae17f88a79f3de40
 *fill*         0x00000000000382de        0x2 
 .text.RAILInt_SetChannelRaw
                0x00000000000382e0      0x110 /Users/clfilho/SimplicityStudio/BLEMesh/btmeshVendor/protocol/bluetooth/lib/EFR32XG21/GCC/libbluetooth_mesh.a(rail_rf.o)
                0x00000000000382e0                RAILINT_a7edce70c9b1ddcd5d57d31ae701eb09
 .text.RAILInt_SetChannel
                0x00000000000383f0       0x1c /Users/clfilho/SimplicityStudio/BLEMesh/btmeshVendor/protocol/bluetooth/lib/EFR32XG21/GCC/libbluetooth_mesh.a(rail_rf.o)
                0x00000000000383f0                RAILINT_e0dfaecc04939a24e643c7a83fed51fa
 .text.RAILCore_ConfigChannels
                0x000000000003840c       0x70 /Users/clfilho/SimplicityStudio/BLEMesh/btmeshVendor/protocol/bluetooth/lib/EFR32XG21/GCC/libbluetooth_mesh.a(rail_rf.o)
                0x000000000003840c                RAILINT_4d8e913cc0a2a756e4017ab74ecff076
 .text.RAILInt_GetChannel
                0x000000000003847c        0x4 /Users/clfilho/SimplicityStudio/BLEMesh/btmeshVendor/protocol/bluetooth/lib/EFR32XG21/GCC/libbluetooth_mesh.a(rail_rf.o)
                0x000000000003847c                RAILINT_aa7b882f5023851e2f6a935b3993ee64
 .text.RAILCore_SetTxTransitions
                0x0000000000038480       0x3c /Users/clfilho/SimplicityStudio/BLEMesh/btmeshVendor/protocol/bluetooth/lib/EFR32XG21/GCC/libbluetooth_mesh.a(rail_rf.o)
                0x0000000000038480                RAILINT_60c29796d4368fee9b7d114bf204b331
 .text.RAIL_SetTxTransitions
                0x00000000000384bc        0x8 /Users/clfilho/SimplicityStudio/BLEMesh/btmeshVendor/protocol/bluetooth/lib/EFR32XG21/GCC/libbluetooth_mesh.a(rail_rf.o)
                0x00000000000384bc                RAIL_SetTxTransitions
 .text.RAILCore_SetRxTransitions
                0x00000000000384c4       0x38 /Users/clfilho/SimplicityStudio/BLEMesh/btmeshVendor/protocol/bluetooth/lib/EFR32XG21/GCC/libbluetooth_mesh.a(rail_rf.o)
                0x00000000000384c4                RAILINT_20405add256d5061bc482206e21c44d6
 .text.RAIL_SetRxTransitions
                0x00000000000384fc        0x8 /Users/clfilho/SimplicityStudio/BLEMesh/btmeshVendor/protocol/bluetooth/lib/EFR32XG21/GCC/libbluetooth_mesh.a(rail_rf.o)
                0x00000000000384fc                RAIL_SetRxTransitions
 .text.RAIL_ConfigEvents
                0x0000000000038504       0x14 /Users/clfilho/SimplicityStudio/BLEMesh/btmeshVendor/protocol/bluetooth/lib/EFR32XG21/GCC/libbluetooth_mesh.a(rail_rf.o)
                0x0000000000038504                RAIL_ConfigEvents
 .text.eventDefault
                0x0000000000038518        0x2 /Users/clfilho/SimplicityStudio/BLEMesh/btmeshVendor/protocol/bluetooth/lib/EFR32XG21/GCC/libbluetooth_mesh.a(rail_rf_hal.o)
 *fill*         0x000000000003851a        0x2 
 .text.RFHAL_NotifyUserOfIrCal
                0x000000000003851c       0x74 /Users/clfilho/SimplicityStudio/BLEMesh/btmeshVendor/protocol/bluetooth/lib/EFR32XG21/GCC/libbluetooth_mesh.a(rail_rf_hal.o)
 .text.RFHAL_ConfigFrameTypeLength
                0x0000000000038590       0x70 /Users/clfilho/SimplicityStudio/BLEMesh/btmeshVendor/protocol/bluetooth/lib/EFR32XG21/GCC/libbluetooth_mesh.a(rail_rf_hal.o)
                0x0000000000038590                RAILINT_d47266c0db43f83e9de21bc91e34975e
 .text.RFHAL_IntEnable
                0x0000000000038600       0x58 /Users/clfilho/SimplicityStudio/BLEMesh/btmeshVendor/protocol/bluetooth/lib/EFR32XG21/GCC/libbluetooth_mesh.a(rail_rf_hal.o)
                0x0000000000038600                RAILINT_40412a06a73a58611332d278503bc3d6
 .text.RFHAL_SetEventCallback
                0x0000000000038658       0x18 /Users/clfilho/SimplicityStudio/BLEMesh/btmeshVendor/protocol/bluetooth/lib/EFR32XG21/GCC/libbluetooth_mesh.a(rail_rf_hal.o)
                0x0000000000038658                RAILINT_d85fb759c83f6e350ace663af6f33b19
 .text.RFHAL_SetPtiProtocol
                0x0000000000038670       0x20 /Users/clfilho/SimplicityStudio/BLEMesh/btmeshVendor/protocol/bluetooth/lib/EFR32XG21/GCC/libbluetooth_mesh.a(rail_rf_hal.o)
                0x0000000000038670                RAILINT_6d8fbe8d751afa545612026690abd42a
 .text.RFHAL_Idle
                0x0000000000038690       0x2a /Users/clfilho/SimplicityStudio/BLEMesh/btmeshVendor/protocol/bluetooth/lib/EFR32XG21/GCC/libbluetooth_mesh.a(rail_rf_hal.o)
                0x0000000000038690                RAILINT_3041ee68c2b41950b0bf839d27f5d049
 *fill*         0x00000000000386ba        0x2 
 .text.RFHAL_GetRadioState
                0x00000000000386bc       0x48 /Users/clfilho/SimplicityStudio/BLEMesh/btmeshVendor/protocol/bluetooth/lib/EFR32XG21/GCC/libbluetooth_mesh.a(rail_rf_hal.o)
                0x00000000000386bc                RAILINT_f5d04763af9c9c69bca278c1fb1e9fea
 .text.RFHAL_OkToTransmit
                0x0000000000038704       0x14 /Users/clfilho/SimplicityStudio/BLEMesh/btmeshVendor/protocol/bluetooth/lib/EFR32XG21/GCC/libbluetooth_mesh.a(rail_rf_hal.o)
                0x0000000000038704                RAILINT_7eee3adfe8ccb91236a7b23c68c562ed
 .text.RFHAL_ScheduleRx
                0x0000000000038718       0x5a /Users/clfilho/SimplicityStudio/BLEMesh/btmeshVendor/protocol/bluetooth/lib/EFR32XG21/GCC/libbluetooth_mesh.a(rail_rf_hal.o)
                0x0000000000038718                RAILINT_97c19152ba85112fa42074bf04eafa43
 *fill*         0x0000000000038772        0x2 
 .text.RFHAL_EnableRxRawCapture
                0x0000000000038774       0x54 /Users/clfilho/SimplicityStudio/BLEMesh/btmeshVendor/protocol/bluetooth/lib/EFR32XG21/GCC/libbluetooth_mesh.a(rail_rf_hal.o)
                0x0000000000038774                RAILINT_b091481120c5b69b64d1795bd186a53a
 .text.RFHAL_DisableRxRawCapture
                0x00000000000387c8       0x60 /Users/clfilho/SimplicityStudio/BLEMesh/btmeshVendor/protocol/bluetooth/lib/EFR32XG21/GCC/libbluetooth_mesh.a(rail_rf_hal.o)
                0x00000000000387c8                RAILINT_a3eadf0d43c66c908fc6ca41226d2d7f
 .text.RFHAL_ConfigRxOptions
                0x0000000000038828      0x150 /Users/clfilho/SimplicityStudio/BLEMesh/btmeshVendor/protocol/bluetooth/lib/EFR32XG21/GCC/libbluetooth_mesh.a(rail_rf_hal.o)
                0x0000000000038828                RAILINT_2d49aecfcb6d27d54075c2234a55d5e7
 .text.RFHAL_GetTimer
                0x0000000000038978        0xc /Users/clfilho/SimplicityStudio/BLEMesh/btmeshVendor/protocol/bluetooth/lib/EFR32XG21/GCC/libbluetooth_mesh.a(rail_rf_hal.o)
                0x0000000000038978                RAILINT_4fd600df73ad738dc6134784e52dde98
 .text.RFHAL_CancelTimer
                0x0000000000038984       0x28 /Users/clfilho/SimplicityStudio/BLEMesh/btmeshVendor/protocol/bluetooth/lib/EFR32XG21/GCC/libbluetooth_mesh.a(rail_rf_hal.o)
                0x0000000000038984                RAILINT_e0897ab09399e1165ab8996ccbe6a963
 .text.RFHAL_SetTimer
                0x00000000000389ac       0x7c /Users/clfilho/SimplicityStudio/BLEMesh/btmeshVendor/protocol/bluetooth/lib/EFR32XG21/GCC/libbluetooth_mesh.a(rail_rf_hal.o)
                0x00000000000389ac                RAILINT_3212ddcec5ace9cb56e8f1cb3ca8d33c
 .text.RFHAL_IsTimerExpired
                0x0000000000038a28       0x1c /Users/clfilho/SimplicityStudio/BLEMesh/btmeshVendor/protocol/bluetooth/lib/EFR32XG21/GCC/libbluetooth_mesh.a(rail_rf_hal.o)
                0x0000000000038a28                RAILINT_7eae5faad95e83134e2b9bc718f32f6f
 .text.RFHAL_IsTimerRunning
                0x0000000000038a44        0x6 /Users/clfilho/SimplicityStudio/BLEMesh/btmeshVendor/protocol/bluetooth/lib/EFR32XG21/GCC/libbluetooth_mesh.a(rail_rf_hal.o)
                0x0000000000038a44                RAILINT_5191d19cdec3b4ae777036af4371e407
 *fill*         0x0000000000038a4a        0x2 
 .text.RFHAL_CalcBitRate